22:00:56 **** Build of project ProjetoFinal_SDK_bsp ****
make -k all 
"Running Make include in microblaze_0/libsrc/bram_v4_1/src"
make -C microblaze_0/libsrc/bram_v4_1/src -s include  "SHELL=CMD" "COMPILER=mb-gcc" "ARCHIVER=mb-ar" "COMPILER_FLAGS= -O2 -c -mcpu=v10.0 -mlittle-endian -mxl-soft-mul" "EXTRA_COMPILER_FLAGS=-g"
"Running Make include in microblaze_0/libsrc/cpu_v2_5/src"
make -C microblaze_0/libsrc/cpu_v2_5/src -s include  "SHELL=CMD" "COMPILER=mb-gcc" "ARCHIVER=mb-ar" "COMPILER_FLAGS= -O2 -c -mcpu=v10.0 -mlittle-endian -mxl-soft-mul" "EXTRA_COMPILER_FLAGS=-g"
"Running Make include in microblaze_0/libsrc/gpio_v4_3/src"
make -C microblaze_0/libsrc/gpio_v4_3/src -s include  "SHELL=CMD" "COMPILER=mb-gcc" "ARCHIVER=mb-ar" "COMPILER_FLAGS= -O2 -c -mcpu=v10.0 -mlittle-endian -mxl-soft-mul" "EXTRA_COMPILER_FLAGS=-g"
"Running Make include in microblaze_0/libsrc/standalone_v6_1/src"
make -C microblaze_0/libsrc/standalone_v6_1/src -s include  "SHELL=CMD" "COMPILER=mb-gcc" "ARCHIVER=mb-ar" "COMPILER_FLAGS= -O2 -c -mcpu=v10.0 -mlittle-endian -mxl-soft-mul" "EXTRA_COMPILER_FLAGS=-g"
"Running Make include in microblaze_0/libsrc/uartlite_v3_2/src"
make -C microblaze_0/libsrc/uartlite_v3_2/src -s include  "SHELL=CMD" "COMPILER=mb-gcc" "ARCHIVER=mb-ar" "COMPILER_FLAGS= -O2 -c -mcpu=v10.0 -mlittle-endian -mxl-soft-mul" "EXTRA_COMPILER_FLAGS=-g"
"Running Make libs in microblaze_0/libsrc/bram_v4_1/src"
make -C microblaze_0/libsrc/bram_v4_1/src -s libs  "SHELL=CMD" "COMPILER=mb-gcc" "ARCHIVER=mb-ar" "COMPILER_FLAGS= -O2 -c -mcpu=v10.0 -mlittle-endian -mxl-soft-mul" "EXTRA_COMPILER_FLAGS=-g"
"Compiling bram"
mb-ar: creating ../../../lib/libxil.a
"Running Make libs in microblaze_0/libsrc/cpu_v2_5/src"
make -C microblaze_0/libsrc/cpu_v2_5/src -s libs  "SHELL=CMD" "COMPILER=mb-gcc" "ARCHIVER=mb-ar" "COMPILER_FLAGS= -O2 -c -mcpu=v10.0 -mlittle-endian -mxl-soft-mul" "EXTRA_COMPILER_FLAGS=-g"
"Compiling cpu"
"Running Make libs in microblaze_0/libsrc/gpio_v4_3/src"
make -C microblaze_0/libsrc/gpio_v4_3/src -s libs  "SHELL=CMD" "COMPILER=mb-gcc" "ARCHIVER=mb-ar" "COMPILER_FLAGS= -O2 -c -mcpu=v10.0 -mlittle-endian -mxl-soft-mul" "EXTRA_COMPILER_FLAGS=-g"
"Compiling gpio"
"Running Make libs in microblaze_0/libsrc/standalone_v6_1/src"
make -C microblaze_0/libsrc/standalone_v6_1/src -s libs  "SHELL=CMD" "COMPILER=mb-gcc" "ARCHIVER=mb-ar" "COMPILER_FLAGS= -O2 -c -mcpu=v10.0 -mlittle-endian -mxl-soft-mul" "EXTRA_COMPILER_FLAGS=-g"
"Compiling standalone";
"Running Make libs in microblaze_0/libsrc/uartlite_v3_2/src"
make -C microblaze_0/libsrc/uartlite_v3_2/src -s libs  "SHELL=CMD" "COMPILER=mb-gcc" "ARCHIVER=mb-ar" "COMPILER_FLAGS= -O2 -c -mcpu=v10.0 -mlittle-endian -mxl-soft-mul" "EXTRA_COMPILER_FLAGS=-g"
"Compiling uartlite"
'Finished building libraries'
22:01:04 **** Build of configuration Debug for project ProjetoFinal_SDK ****
make all 
'Building file: ../src/helloworld.c'
'Invoking: MicroBlaze gcc compiler'
mb-gcc -Wall -O0 -g3 -c -fmessage-length=0 -MT"src/helloworld.o" -I../../ProjetoFinal_SDK_bsp/microblaze_0/include -mlittle-endian -mcpu=v10.0 -mxl-soft-mul -Wl,--no-relax -MMD -MP -MF"src/helloworld.d" -MT"src/helloworld.o" -o "src/helloworld.o" "../src/helloworld.c"
'Finished building: ../src/helloworld.c'
' '
'Building file: ../src/platform.c'
'Invoking: MicroBlaze gcc compiler'
mb-gcc -Wall -O0 -g3 -c -fmessage-length=0 -MT"src/platform.o" -I../../ProjetoFinal_SDK_bsp/microblaze_0/include -mlittle-endian -mcpu=v10.0 -mxl-soft-mul -Wl,--no-relax -MMD -MP -MF"src/platform.d" -MT"src/platform.o" -o "src/platform.o" "../src/platform.c"
'Finished building: ../src/platform.c'
' '
'Building target: ProjetoFinal_SDK.elf'
'Invoking: MicroBlaze gcc linker'
mb-gcc -Wl,-T -Wl,../src/lscript.ld -L../../ProjetoFinal_SDK_bsp/microblaze_0/lib -mlittle-endian -mcpu=v10.0 -mxl-soft-mul -Wl,--no-relax -o "ProjetoFinal_SDK.elf"  ./src/helloworld.o ./src/platform.o   -Wl,--start-group,-lxil,-lgcc,-lc,--end-group
'Finished building target: ProjetoFinal_SDK.elf'
' '
'Invoking: MicroBlaze Print Size'
mb-size ProjetoFinal_SDK.elf  |tee "ProjetoFinal_SDK.elf.size"
   text	   data	    bss	    dec	    hex	filename
   2852	    292	   3128	   6272	   1880	ProjetoFinal_SDK.elf
'Finished building: ProjetoFinal_SDK.elf.size'
' '
22:01:20 **** Auto Build of configuration Debug for project ProjetoFinal_SDK ****
make all 
'Building file: ../src/helloworld.c'
'Invoking: MicroBlaze gcc compiler'
mb-gcc -Wall -O0 -g3 -c -fmessage-length=0 -MT"src/helloworld.o" -I../../ProjetoFinal_SDK_bsp/microblaze_0/include -mlittle-endian -mcpu=v10.0 -mxl-soft-mul -Wl,--no-relax -MMD -MP -MF"src/helloworld.d" -MT"src/helloworld.o" -o "src/helloworld.o" "../src/helloworld.c"
../src/helloworld.c: In function 'main':
../src/helloworld.c:86:6: warning: 'MB_Sleep' is deprecated [-Wdeprecated-declarations]
      MB_Sleep(1000);
      ^
In file included from ../src/helloworld.c:54:0:
../../ProjetoFinal_SDK_bsp/microblaze_0/include/microblaze_sleep.h:74:6: note: declared here
 void MB_Sleep(u32 MilliSeconds) __attribute__((__deprecated__));
      ^
../src/helloworld.c:67:16: warning: unused variable 'input' [-Wunused-variable]
   unsigned int input;
                ^
'Finished building: ../src/helloworld.c'
' '
'Building target: ProjetoFinal_SDK.elf'
'Invoking: MicroBlaze gcc linker'
mb-gcc -Wl,-T -Wl,../src/lscript.ld -L../../ProjetoFinal_SDK_bsp/microblaze_0/lib -mlittle-endian -mcpu=v10.0 -mxl-soft-mul -Wl,--no-relax -o "ProjetoFinal_SDK.elf"  ./src/helloworld.o ./src/platform.o   -Wl,--start-group,-lxil,-lgcc,-lc,--end-group
'Finished building target: ProjetoFinal_SDK.elf'
' '
'Invoking: MicroBlaze Print Size'
mb-size ProjetoFinal_SDK.elf  |tee "ProjetoFinal_SDK.elf.size"
   text	   data	    bss	    dec	    hex	filename
   7524	    296	   3156	  10976	   2ae0	ProjetoFinal_SDK.elf
'Finished building: ProjetoFinal_SDK.elf.size'
' '
22:03:00 **** Incremental Build of configuration Debug for project ProjetoFinal_SDK ****
make all 
make: Nada a ser feito para `all'.
22:03:41 **** Auto Build of configuration Debug for project ProjetoFinal_SDK ****
make all 
'Building file: ../src/helloworld.c'
'Invoking: MicroBlaze gcc compiler'
mb-gcc -Wall -O0 -g3 -c -fmessage-length=0 -MT"src/helloworld.o" -I../../ProjetoFinal_SDK_bsp/microblaze_0/include -mlittle-endian -mcpu=v10.0 -mxl-soft-mul -Wl,--no-relax -MMD -MP -MF"src/helloworld.d" -MT"src/helloworld.o" -o "src/helloworld.o" "../src/helloworld.c"
../src/helloworld.c: In function 'main':
../src/helloworld.c:86:6: warning: 'MB_Sleep' is deprecated [-Wdeprecated-declarations]
      MB_Sleep(1000);
      ^
In file included from ../src/helloworld.c:54:0:
../../ProjetoFinal_SDK_bsp/microblaze_0/include/microblaze_sleep.h:74:6: note: declared here
 void MB_Sleep(u32 MilliSeconds) __attribute__((__deprecated__));
      ^
../src/helloworld.c:67:16: warning: unused variable 'input' [-Wunused-variable]
   unsigned int input;
                ^
'Finished building: ../src/helloworld.c'
' '
'Building target: ProjetoFinal_SDK.elf'
'Invoking: MicroBlaze gcc linker'
mb-gcc -Wl,-T -Wl,../src/lscript.ld -L../../ProjetoFinal_SDK_bsp/microblaze_0/lib -mlittle-endian -mcpu=v10.0 -mxl-soft-mul -Wl,--no-relax -o "ProjetoFinal_SDK.elf"  ./src/helloworld.o ./src/platform.o   -Wl,--start-group,-lxil,-lgcc,-lc,--end-group
'Finished building target: ProjetoFinal_SDK.elf'
' '
'Invoking: MicroBlaze Print Size'
mb-size ProjetoFinal_SDK.elf  |tee "ProjetoFinal_SDK.elf.size"
   text	   data	    bss	    dec	    hex	filename
   7524	    296	   3156	  10976	   2ae0	ProjetoFinal_SDK.elf
'Finished building: ProjetoFinal_SDK.elf.size'
' '
22:03:45 **** Incremental Build of configuration Debug for project ProjetoFinal_SDK ****
make all 
make: Nada a ser feito para `all'.
22:04:09 **** Clean-only build of configuration Debug for project ProjetoFinal_SDK ****
make clean 
rm -rf  ./src/helloworld.o ./src/platform.o  ./src/helloworld.d ./src/platform.d  ProjetoFinal_SDK.elf.size  ProjetoFinal_SDK.elf
' '
22:04:09 **** Clean-only build of project ProjetoFinal_SDK_bsp ****
make -k clean 
rm -f microblaze_0/lib/libxil.a
22:04:10 **** Build of project ProjetoFinal_SDK_bsp ****
make -k all 
"Running Make include in microblaze_0/libsrc/bram_v4_1/src"
make -C microblaze_0/libsrc/bram_v4_1/src -s include  "SHELL=CMD" "COMPILER=mb-gcc" "ARCHIVER=mb-ar" "COMPILER_FLAGS= -O2 -c -mcpu=v10.0 -mlittle-endian -mxl-soft-mul" "EXTRA_COMPILER_FLAGS=-g"
"Running Make include in microblaze_0/libsrc/cpu_v2_5/src"
make -C microblaze_0/libsrc/cpu_v2_5/src -s include  "SHELL=CMD" "COMPILER=mb-gcc" "ARCHIVER=mb-ar" "COMPILER_FLAGS= -O2 -c -mcpu=v10.0 -mlittle-endian -mxl-soft-mul" "EXTRA_COMPILER_FLAGS=-g"
"Running Make include in microblaze_0/libsrc/gpio_v4_3/src"
make -C microblaze_0/libsrc/gpio_v4_3/src -s include  "SHELL=CMD" "COMPILER=mb-gcc" "ARCHIVER=mb-ar" "COMPILER_FLAGS= -O2 -c -mcpu=v10.0 -mlittle-endian -mxl-soft-mul" "EXTRA_COMPILER_FLAGS=-g"
"Running Make include in microblaze_0/libsrc/standalone_v6_1/src"
make -C microblaze_0/libsrc/standalone_v6_1/src -s include  "SHELL=CMD" "COMPILER=mb-gcc" "ARCHIVER=mb-ar" "COMPILER_FLAGS= -O2 -c -mcpu=v10.0 -mlittle-endian -mxl-soft-mul" "EXTRA_COMPILER_FLAGS=-g"
"Running Make include in microblaze_0/libsrc/uartlite_v3_2/src"
make -C microblaze_0/libsrc/uartlite_v3_2/src -s include  "SHELL=CMD" "COMPILER=mb-gcc" "ARCHIVER=mb-ar" "COMPILER_FLAGS= -O2 -c -mcpu=v10.0 -mlittle-endian -mxl-soft-mul" "EXTRA_COMPILER_FLAGS=-g"
"Running Make libs in microblaze_0/libsrc/bram_v4_1/src"
make -C microblaze_0/libsrc/bram_v4_1/src -s libs  "SHELL=CMD" "COMPILER=mb-gcc" "ARCHIVER=mb-ar" "COMPILER_FLAGS= -O2 -c -mcpu=v10.0 -mlittle-endian -mxl-soft-mul" "EXTRA_COMPILER_FLAGS=-g"
"Compiling bram"
mb-ar: creating ../../../lib/libxil.a
"Running Make libs in microblaze_0/libsrc/cpu_v2_5/src"
make -C microblaze_0/libsrc/cpu_v2_5/src -s libs  "SHELL=CMD" "COMPILER=mb-gcc" "ARCHIVER=mb-ar" "COMPILER_FLAGS= -O2 -c -mcpu=v10.0 -mlittle-endian -mxl-soft-mul" "EXTRA_COMPILER_FLAGS=-g"
"Compiling cpu"
"Running Make libs in microblaze_0/libsrc/gpio_v4_3/src"
make -C microblaze_0/libsrc/gpio_v4_3/src -s libs  "SHELL=CMD" "COMPILER=mb-gcc" "ARCHIVER=mb-ar" "COMPILER_FLAGS= -O2 -c -mcpu=v10.0 -mlittle-endian -mxl-soft-mul" "EXTRA_COMPILER_FLAGS=-g"
"Compiling gpio"
"Running Make libs in microblaze_0/libsrc/standalone_v6_1/src"
make -C microblaze_0/libsrc/standalone_v6_1/src -s libs  "SHELL=CMD" "COMPILER=mb-gcc" "ARCHIVER=mb-ar" "COMPILER_FLAGS= -O2 -c -mcpu=v10.0 -mlittle-endian -mxl-soft-mul" "EXTRA_COMPILER_FLAGS=-g"
"Compiling standalone";
"Running Make libs in microblaze_0/libsrc/uartlite_v3_2/src"
make -C microblaze_0/libsrc/uartlite_v3_2/src -s libs  "SHELL=CMD" "COMPILER=mb-gcc" "ARCHIVER=mb-ar" "COMPILER_FLAGS= -O2 -c -mcpu=v10.0 -mlittle-endian -mxl-soft-mul" "EXTRA_COMPILER_FLAGS=-g"
"Compiling uartlite"
'Finished building libraries'
22:04:18 **** Build of configuration Debug for project ProjetoFinal_SDK ****
make all 
'Building file: ../src/helloworld.c'
'Invoking: MicroBlaze gcc compiler'
mb-gcc -Wall -O0 -g3 -c -fmessage-length=0 -MT"src/helloworld.o" -I../../ProjetoFinal_SDK_bsp/microblaze_0/include -mlittle-endian -mcpu=v10.0 -mxl-soft-mul -Wl,--no-relax -MMD -MP -MF"src/helloworld.d" -MT"src/helloworld.o" -o "src/helloworld.o" "../src/helloworld.c"
../src/helloworld.c: In function 'main':
../src/helloworld.c:86:6: warning: 'MB_Sleep' is deprecated [-Wdeprecated-declarations]
      MB_Sleep(1000);
      ^
In file included from ../src/helloworld.c:54:0:
../../ProjetoFinal_SDK_bsp/microblaze_0/include/microblaze_sleep.h:74:6: note: declared here
 void MB_Sleep(u32 MilliSeconds) __attribute__((__deprecated__));
      ^
../src/helloworld.c:67:16: warning: unused variable 'input' [-Wunused-variable]
   unsigned int input;
                ^
'Finished building: ../src/helloworld.c'
' '
'Building file: ../src/platform.c'
'Invoking: MicroBlaze gcc compiler'
mb-gcc -Wall -O0 -g3 -c -fmessage-length=0 -MT"src/platform.o" -I../../ProjetoFinal_SDK_bsp/microblaze_0/include -mlittle-endian -mcpu=v10.0 -mxl-soft-mul -Wl,--no-relax -MMD -MP -MF"src/platform.d" -MT"src/platform.o" -o "src/platform.o" "../src/platform.c"
'Finished building: ../src/platform.c'
' '
'Building target: ProjetoFinal_SDK.elf'
'Invoking: MicroBlaze gcc linker'
mb-gcc -Wl,-T -Wl,../src/lscript.ld -L../../ProjetoFinal_SDK_bsp/microblaze_0/lib -mlittle-endian -mcpu=v10.0 -mxl-soft-mul -Wl,--no-relax -o "ProjetoFinal_SDK.elf"  ./src/helloworld.o ./src/platform.o   -Wl,--start-group,-lxil,-lgcc,-lc,--end-group
'Finished building target: ProjetoFinal_SDK.elf'
' '
'Invoking: MicroBlaze Print Size'
mb-size ProjetoFinal_SDK.elf  |tee "ProjetoFinal_SDK.elf.size"
   text	   data	    bss	    dec	    hex	filename
   7524	    296	   3156	  10976	   2ae0	ProjetoFinal_SDK.elf
'Finished building: ProjetoFinal_SDK.elf.size'
' '
22:04:22 **** Incremental Build of configuration Debug for project ProjetoFinal_SDK ****
make all 
make: Nada a ser feito para `all'.
16:06:27 **** Auto Build of configuration Debug for project ProjetoFinal_SDK ****
make all 
'Building file: ../src/helloworld.c'
'Invoking: MicroBlaze gcc compiler'
mb-gcc -Wall -O0 -g3 -c -fmessage-length=0 -MT"src/helloworld.o" -I../../ProjetoFinal_SDK_bsp/microblaze_0/include -mlittle-endian -mcpu=v10.0 -mxl-soft-mul -Wl,--no-relax -MMD -MP -MF"src/helloworld.d" -MT"src/helloworld.o" -o "src/helloworld.o" "../src/helloworld.c"
../src/helloworld.c:58:6: error: conflicting types for 'print'
 void print(char *str);
      ^
In file included from c:\xilinx\sdk\2016.4\gnu\microblaze\nt\microblaze-xilinx-elf\include\stdio.h:29:0,
                 from ../src/helloworld.c:50:
c:\xilinx\sdk\2016.4\gnu\microblaze\nt\microblaze-xilinx-elf\include\stdio.h:223:9: note: previous declaration of 'print' was here
 void    _EXFUN(print, (const char* ));
         ^
../src/helloworld.c: In function 'main':
../src/helloworld.c:83:1: warning: 'MB_Sleep' is deprecated [-Wdeprecated-declarations]
 MB_Sleep(10);
 ^
In file included from ../src/helloworld.c:54:0:
../../ProjetoFinal_SDK_bsp/microblaze_0/include/microblaze_sleep.h:74:6: note: declared here
 void MB_Sleep(u32 MilliSeconds) __attribute__((__deprecated__));
      ^
../src/helloworld.c:86:1: warning: 'MB_Sleep' is deprecated [-Wdeprecated-declarations]
 MB_Sleep(10);
 ^
In file included from ../src/helloworld.c:54:0:
../../ProjetoFinal_SDK_bsp/microblaze_0/include/microblaze_sleep.h:74:6: note: declared here
 void MB_Sleep(u32 MilliSeconds) __attribute__((__deprecated__));
      ^
make: ** [src/helloworld.o] Erro 1
16:06:35 **** Auto Build of configuration Debug for project ProjetoFinal_SDK ****
make all 
'Building file: ../src/helloworld.c'
'Invoking: MicroBlaze gcc compiler'
mb-gcc -Wall -O0 -g3 -c -fmessage-length=0 -MT"src/helloworld.o" -I../../ProjetoFinal_SDK_bsp/microblaze_0/include -mlittle-endian -mcpu=v10.0 -mxl-soft-mul -Wl,--no-relax -MMD -MP -MF"src/helloworld.d" -MT"src/helloworld.o" -o "src/helloworld.o" "../src/helloworld.c"
../src/helloworld.c:58:6: error: conflicting types for 'print'
 void print(char *str);
      ^
In file included from c:\xilinx\sdk\2016.4\gnu\microblaze\nt\microblaze-xilinx-elf\include\stdio.h:29:0,
                 from ../src/helloworld.c:50:
c:\xilinx\sdk\2016.4\gnu\microblaze\nt\microblaze-xilinx-elf\include\stdio.h:223:9: note: previous declaration of 'print' was here
 void    _EXFUN(print, (const char* ));
         ^
../src/helloworld.c: In function 'main':
../src/helloworld.c:83:1: warning: 'MB_Sleep' is deprecated [-Wdeprecated-declarations]
 MB_Sleep(10);
 ^
In file included from ../src/helloworld.c:54:0:
../../ProjetoFinal_SDK_bsp/microblaze_0/include/microblaze_sleep.h:74:6: note: declared here
 void MB_Sleep(u32 MilliSeconds) __attribute__((__deprecated__));
      ^
../src/helloworld.c:86:1: warning: 'MB_Sleep' is deprecated [-Wdeprecated-declarations]
 MB_Sleep(10);
 ^
In file included from ../src/helloworld.c:54:0:
../../ProjetoFinal_SDK_bsp/microblaze_0/include/microblaze_sleep.h:74:6: note: declared here
 void MB_Sleep(u32 MilliSeconds) __attribute__((__deprecated__));
      ^
make: ** [src/helloworld.o] Erro 1
16:06:43 **** Auto Build of configuration Debug for project ProjetoFinal_SDK ****
make all 
'Building file: ../src/helloworld.c'
'Invoking: MicroBlaze gcc compiler'
mb-gcc -Wall -O0 -g3 -c -fmessage-length=0 -MT"src/helloworld.o" -I../../ProjetoFinal_SDK_bsp/microblaze_0/include -mlittle-endian -mcpu=v10.0 -mxl-soft-mul -Wl,--no-relax -MMD -MP -MF"src/helloworld.d" -MT"src/helloworld.o" -o "src/helloworld.o" "../src/helloworld.c"
../src/helloworld.c:58:6: error: conflicting types for 'print'
 void print(char *str);
      ^
In file included from c:\xilinx\sdk\2016.4\gnu\microblaze\nt\microblaze-xilinx-elf\include\stdio.h:29:0,
                 from ../src/helloworld.c:50:
c:\xilinx\sdk\2016.4\gnu\microblaze\nt\microblaze-xilinx-elf\include\stdio.h:223:9: note: previous declaration of 'print' was here
 void    _EXFUN(print, (const char* ));
         ^
../src/helloworld.c: In function 'main':
../src/helloworld.c:83:1: warning: 'MB_Sleep' is deprecated [-Wdeprecated-declarations]
 MB_Sleep(10);
 ^
In file included from ../src/helloworld.c:54:0:
../../ProjetoFinal_SDK_bsp/microblaze_0/include/microblaze_sleep.h:74:6: note: declared here
 void MB_Sleep(u32 MilliSeconds) __attribute__((__deprecated__));
      ^
../src/helloworld.c:86:1: warning: 'MB_Sleep' is deprecated [-Wdeprecated-declarations]
 MB_Sleep(10);
 ^
In file included from ../src/helloworld.c:54:0:
../../ProjetoFinal_SDK_bsp/microblaze_0/include/microblaze_sleep.h:74:6: note: declared here
 void MB_Sleep(u32 MilliSeconds) __attribute__((__deprecated__));
      ^
make: ** [src/helloworld.o] Erro 1
16:08:07 **** Auto Build of configuration Debug for project ProjetoFinal_SDK ****
make all 
'Building file: ../src/helloworld.c'
'Invoking: MicroBlaze gcc compiler'
mb-gcc -Wall -O0 -g3 -c -fmessage-length=0 -MT"src/helloworld.o" -I../../ProjetoFinal_SDK_bsp/microblaze_0/include -mlittle-endian -mcpu=v10.0 -mxl-soft-mul -Wl,--no-relax -MMD -MP -MF"src/helloworld.d" -MT"src/helloworld.o" -o "src/helloworld.o" "../src/helloworld.c"
../src/helloworld.c: In function 'main':
../src/helloworld.c:82:1: warning: 'MB_Sleep' is deprecated [-Wdeprecated-declarations]
 MB_Sleep(10);
 ^
In file included from ../src/helloworld.c:54:0:
../../ProjetoFinal_SDK_bsp/microblaze_0/include/microblaze_sleep.h:74:6: note: declared here
 void MB_Sleep(u32 MilliSeconds) __attribute__((__deprecated__));
      ^
../src/helloworld.c:85:1: warning: 'MB_Sleep' is deprecated [-Wdeprecated-declarations]
 MB_Sleep(10);
 ^
In file included from ../src/helloworld.c:54:0:
../../ProjetoFinal_SDK_bsp/microblaze_0/include/microblaze_sleep.h:74:6: note: declared here
 void MB_Sleep(u32 MilliSeconds) __attribute__((__deprecated__));
      ^
'Finished building: ../src/helloworld.c'
' '
'Building target: ProjetoFinal_SDK.elf'
'Invoking: MicroBlaze gcc linker'
mb-gcc -Wl,-T -Wl,../src/lscript.ld -L../../ProjetoFinal_SDK_bsp/microblaze_0/lib -mlittle-endian -mcpu=v10.0 -mxl-soft-mul -Wl,--no-relax -o "ProjetoFinal_SDK.elf"  ./src/helloworld.o ./src/platform.o   -Wl,--start-group,-lxil,-lgcc,-lc,--end-group
'Finished building target: ProjetoFinal_SDK.elf'
' '
'Invoking: MicroBlaze Print Size'
mb-size ProjetoFinal_SDK.elf  |tee "ProjetoFinal_SDK.elf.size"
   text	   data	    bss	    dec	    hex	filename
   5296	    292	   3156	   8744	   2228	ProjetoFinal_SDK.elf
'Finished building: ProjetoFinal_SDK.elf.size'
' '
16:08:25 **** Clean-only build of configuration Debug for project ProjetoFinal_SDK ****
make clean 
rm -rf  ./src/helloworld.o ./src/platform.o  ./src/helloworld.d ./src/platform.d  ProjetoFinal_SDK.elf.size  ProjetoFinal_SDK.elf
' '
16:08:25 **** Clean-only build of project ProjetoFinal_SDK_bsp ****
make -k clean 
rm -f microblaze_0/lib/libxil.a
16:08:26 **** Build of project ProjetoFinal_SDK_bsp ****
make -k all 
"Running Make include in microblaze_0/libsrc/bram_v4_1/src"
make -C microblaze_0/libsrc/bram_v4_1/src -s include  "SHELL=CMD" "COMPILER=mb-gcc" "ARCHIVER=mb-ar" "COMPILER_FLAGS= -O2 -c -mcpu=v10.0 -mlittle-endian -mxl-soft-mul" "EXTRA_COMPILER_FLAGS=-g"
"Running Make include in microblaze_0/libsrc/cpu_v2_5/src"
make -C microblaze_0/libsrc/cpu_v2_5/src -s include  "SHELL=CMD" "COMPILER=mb-gcc" "ARCHIVER=mb-ar" "COMPILER_FLAGS= -O2 -c -mcpu=v10.0 -mlittle-endian -mxl-soft-mul" "EXTRA_COMPILER_FLAGS=-g"
"Running Make include in microblaze_0/libsrc/gpio_v4_3/src"
make -C microblaze_0/libsrc/gpio_v4_3/src -s include  "SHELL=CMD" "COMPILER=mb-gcc" "ARCHIVER=mb-ar" "COMPILER_FLAGS= -O2 -c -mcpu=v10.0 -mlittle-endian -mxl-soft-mul" "EXTRA_COMPILER_FLAGS=-g"
"Running Make include in microblaze_0/libsrc/standalone_v6_1/src"
make -C microblaze_0/libsrc/standalone_v6_1/src -s include  "SHELL=CMD" "COMPILER=mb-gcc" "ARCHIVER=mb-ar" "COMPILER_FLAGS= -O2 -c -mcpu=v10.0 -mlittle-endian -mxl-soft-mul" "EXTRA_COMPILER_FLAGS=-g"
"Running Make include in microblaze_0/libsrc/uartlite_v3_2/src"
make -C microblaze_0/libsrc/uartlite_v3_2/src -s include  "SHELL=CMD" "COMPILER=mb-gcc" "ARCHIVER=mb-ar" "COMPILER_FLAGS= -O2 -c -mcpu=v10.0 -mlittle-endian -mxl-soft-mul" "EXTRA_COMPILER_FLAGS=-g"
"Running Make libs in microblaze_0/libsrc/bram_v4_1/src"
make -C microblaze_0/libsrc/bram_v4_1/src -s libs  "SHELL=CMD" "COMPILER=mb-gcc" "ARCHIVER=mb-ar" "COMPILER_FLAGS= -O2 -c -mcpu=v10.0 -mlittle-endian -mxl-soft-mul" "EXTRA_COMPILER_FLAGS=-g"
"Compiling bram"
mb-ar: creating ../../../lib/libxil.a
"Running Make libs in microblaze_0/libsrc/cpu_v2_5/src"
make -C microblaze_0/libsrc/cpu_v2_5/src -s libs  "SHELL=CMD" "COMPILER=mb-gcc" "ARCHIVER=mb-ar" "COMPILER_FLAGS= -O2 -c -mcpu=v10.0 -mlittle-endian -mxl-soft-mul" "EXTRA_COMPILER_FLAGS=-g"
"Compiling cpu"
"Running Make libs in microblaze_0/libsrc/gpio_v4_3/src"
make -C microblaze_0/libsrc/gpio_v4_3/src -s libs  "SHELL=CMD" "COMPILER=mb-gcc" "ARCHIVER=mb-ar" "COMPILER_FLAGS= -O2 -c -mcpu=v10.0 -mlittle-endian -mxl-soft-mul" "EXTRA_COMPILER_FLAGS=-g"
"Compiling gpio"
"Running Make libs in microblaze_0/libsrc/standalone_v6_1/src"
make -C microblaze_0/libsrc/standalone_v6_1/src -s libs  "SHELL=CMD" "COMPILER=mb-gcc" "ARCHIVER=mb-ar" "COMPILER_FLAGS= -O2 -c -mcpu=v10.0 -mlittle-endian -mxl-soft-mul" "EXTRA_COMPILER_FLAGS=-g"
"Compiling standalone";
"Running Make libs in microblaze_0/libsrc/uartlite_v3_2/src"
make -C microblaze_0/libsrc/uartlite_v3_2/src -s libs  "SHELL=CMD" "COMPILER=mb-gcc" "ARCHIVER=mb-ar" "COMPILER_FLAGS= -O2 -c -mcpu=v10.0 -mlittle-endian -mxl-soft-mul" "EXTRA_COMPILER_FLAGS=-g"
"Compiling uartlite"
'Finished building libraries'
16:08:35 **** Build of configuration Debug for project ProjetoFinal_SDK ****
make all 
'Building file: ../src/helloworld.c'
'Invoking: MicroBlaze gcc compiler'
mb-gcc -Wall -O0 -g3 -c -fmessage-length=0 -MT"src/helloworld.o" -I../../ProjetoFinal_SDK_bsp/microblaze_0/include -mlittle-endian -mcpu=v10.0 -mxl-soft-mul -Wl,--no-relax -MMD -MP -MF"src/helloworld.d" -MT"src/helloworld.o" -o "src/helloworld.o" "../src/helloworld.c"
../src/helloworld.c: In function 'main':
../src/helloworld.c:82:1: warning: 'MB_Sleep' is deprecated [-Wdeprecated-declarations]
 MB_Sleep(10);
 ^
In file included from ../src/helloworld.c:54:0:
../../ProjetoFinal_SDK_bsp/microblaze_0/include/microblaze_sleep.h:74:6: note: declared here
 void MB_Sleep(u32 MilliSeconds) __attribute__((__deprecated__));
      ^
../src/helloworld.c:85:1: warning: 'MB_Sleep' is deprecated [-Wdeprecated-declarations]
 MB_Sleep(10);
 ^
In file included from ../src/helloworld.c:54:0:
../../ProjetoFinal_SDK_bsp/microblaze_0/include/microblaze_sleep.h:74:6: note: declared here
 void MB_Sleep(u32 MilliSeconds) __attribute__((__deprecated__));
      ^
'Finished building: ../src/helloworld.c'
' '
'Building file: ../src/platform.c'
'Invoking: MicroBlaze gcc compiler'
mb-gcc -Wall -O0 -g3 -c -fmessage-length=0 -MT"src/platform.o" -I../../ProjetoFinal_SDK_bsp/microblaze_0/include -mlittle-endian -mcpu=v10.0 -mxl-soft-mul -Wl,--no-relax -MMD -MP -MF"src/platform.d" -MT"src/platform.o" -o "src/platform.o" "../src/platform.c"
'Finished building: ../src/platform.c'
' '
'Building target: ProjetoFinal_SDK.elf'
'Invoking: MicroBlaze gcc linker'
mb-gcc -Wl,-T -Wl,../src/lscript.ld -L../../ProjetoFinal_SDK_bsp/microblaze_0/lib -mlittle-endian -mcpu=v10.0 -mxl-soft-mul -Wl,--no-relax -o "ProjetoFinal_SDK.elf"  ./src/helloworld.o ./src/platform.o   -Wl,--start-group,-lxil,-lgcc,-lc,--end-group
'Finished building target: ProjetoFinal_SDK.elf'
' '
'Invoking: MicroBlaze Print Size'
mb-size ProjetoFinal_SDK.elf  |tee "ProjetoFinal_SDK.elf.size"
   text	   data	    bss	    dec	    hex	filename
   5296	    292	   3156	   8744	   2228	ProjetoFinal_SDK.elf
'Finished building: ProjetoFinal_SDK.elf.size'
' '
16:08:44 **** Incremental Build of configuration Debug for project ProjetoFinal_SDK ****
make all 
make: Nada a ser feito para `all'.
16:09:03 **** Incremental Build of configuration Debug for project ProjetoFinal_SDK ****
make all 
make: Nada a ser feito para `all'.
16:09:38 **** Incremental Build of configuration Debug for project ProjetoFinal_SDK ****
make all 
make: Nada a ser feito para `all'.
16:09:45 **** Clean-only build of configuration Debug for project ProjetoFinal_SDK ****
make clean 
rm -rf  ./src/helloworld.o ./src/platform.o  ./src/helloworld.d ./src/platform.d  ProjetoFinal_SDK.elf.size  ProjetoFinal_SDK.elf
' '
16:09:45 **** Clean-only build of project ProjetoFinal_SDK_bsp ****
make -k clean 
rm -f microblaze_0/lib/libxil.a
16:09:45 **** Build of project ProjetoFinal_SDK_bsp ****
make -k all 
"Running Make include in microblaze_0/libsrc/bram_v4_1/src"
make -C microblaze_0/libsrc/bram_v4_1/src -s include  "SHELL=CMD" "COMPILER=mb-gcc" "ARCHIVER=mb-ar" "COMPILER_FLAGS= -O2 -c -mcpu=v10.0 -mlittle-endian -mxl-soft-mul" "EXTRA_COMPILER_FLAGS=-g"
"Running Make include in microblaze_0/libsrc/cpu_v2_5/src"
make -C microblaze_0/libsrc/cpu_v2_5/src -s include  "SHELL=CMD" "COMPILER=mb-gcc" "ARCHIVER=mb-ar" "COMPILER_FLAGS= -O2 -c -mcpu=v10.0 -mlittle-endian -mxl-soft-mul" "EXTRA_COMPILER_FLAGS=-g"
"Running Make include in microblaze_0/libsrc/gpio_v4_3/src"
make -C microblaze_0/libsrc/gpio_v4_3/src -s include  "SHELL=CMD" "COMPILER=mb-gcc" "ARCHIVER=mb-ar" "COMPILER_FLAGS= -O2 -c -mcpu=v10.0 -mlittle-endian -mxl-soft-mul" "EXTRA_COMPILER_FLAGS=-g"
"Running Make include in microblaze_0/libsrc/standalone_v6_1/src"
make -C microblaze_0/libsrc/standalone_v6_1/src -s include  "SHELL=CMD" "COMPILER=mb-gcc" "ARCHIVER=mb-ar" "COMPILER_FLAGS= -O2 -c -mcpu=v10.0 -mlittle-endian -mxl-soft-mul" "EXTRA_COMPILER_FLAGS=-g"
"Running Make include in microblaze_0/libsrc/uartlite_v3_2/src"
make -C microblaze_0/libsrc/uartlite_v3_2/src -s include  "SHELL=CMD" "COMPILER=mb-gcc" "ARCHIVER=mb-ar" "COMPILER_FLAGS= -O2 -c -mcpu=v10.0 -mlittle-endian -mxl-soft-mul" "EXTRA_COMPILER_FLAGS=-g"
"Running Make libs in microblaze_0/libsrc/bram_v4_1/src"
make -C microblaze_0/libsrc/bram_v4_1/src -s libs  "SHELL=CMD" "COMPILER=mb-gcc" "ARCHIVER=mb-ar" "COMPILER_FLAGS= -O2 -c -mcpu=v10.0 -mlittle-endian -mxl-soft-mul" "EXTRA_COMPILER_FLAGS=-g"
"Compiling bram"
mb-ar: creating ../../../lib/libxil.a
"Running Make libs in microblaze_0/libsrc/cpu_v2_5/src"
make -C microblaze_0/libsrc/cpu_v2_5/src -s libs  "SHELL=CMD" "COMPILER=mb-gcc" "ARCHIVER=mb-ar" "COMPILER_FLAGS= -O2 -c -mcpu=v10.0 -mlittle-endian -mxl-soft-mul" "EXTRA_COMPILER_FLAGS=-g"
"Compiling cpu"
"Running Make libs in microblaze_0/libsrc/gpio_v4_3/src"
make -C microblaze_0/libsrc/gpio_v4_3/src -s libs  "SHELL=CMD" "COMPILER=mb-gcc" "ARCHIVER=mb-ar" "COMPILER_FLAGS= -O2 -c -mcpu=v10.0 -mlittle-endian -mxl-soft-mul" "EXTRA_COMPILER_FLAGS=-g"
"Compiling gpio"
"Running Make libs in microblaze_0/libsrc/standalone_v6_1/src"
make -C microblaze_0/libsrc/standalone_v6_1/src -s libs  "SHELL=CMD" "COMPILER=mb-gcc" "ARCHIVER=mb-ar" "COMPILER_FLAGS= -O2 -c -mcpu=v10.0 -mlittle-endian -mxl-soft-mul" "EXTRA_COMPILER_FLAGS=-g"
"Compiling standalone";
"Running Make libs in microblaze_0/libsrc/uartlite_v3_2/src"
make -C microblaze_0/libsrc/uartlite_v3_2/src -s libs  "SHELL=CMD" "COMPILER=mb-gcc" "ARCHIVER=mb-ar" "COMPILER_FLAGS= -O2 -c -mcpu=v10.0 -mlittle-endian -mxl-soft-mul" "EXTRA_COMPILER_FLAGS=-g"
"Compiling uartlite"
'Finished building libraries'
16:09:51 **** Build of configuration Debug for project ProjetoFinal_SDK ****
make all 
'Building file: ../src/helloworld.c'
'Invoking: MicroBlaze gcc compiler'
mb-gcc -Wall -O0 -g3 -c -fmessage-length=0 -MT"src/helloworld.o" -I../../ProjetoFinal_SDK_bsp/microblaze_0/include -mlittle-endian -mcpu=v10.0 -mxl-soft-mul -Wl,--no-relax -MMD -MP -MF"src/helloworld.d" -MT"src/helloworld.o" -o "src/helloworld.o" "../src/helloworld.c"
../src/helloworld.c: In function 'main':
../src/helloworld.c:82:1: warning: 'MB_Sleep' is deprecated [-Wdeprecated-declarations]
 MB_Sleep(10);
 ^
In file included from ../src/helloworld.c:54:0:
../../ProjetoFinal_SDK_bsp/microblaze_0/include/microblaze_sleep.h:74:6: note: declared here
 void MB_Sleep(u32 MilliSeconds) __attribute__((__deprecated__));
      ^
../src/helloworld.c:85:1: warning: 'MB_Sleep' is deprecated [-Wdeprecated-declarations]
 MB_Sleep(10);
 ^
In file included from ../src/helloworld.c:54:0:
../../ProjetoFinal_SDK_bsp/microblaze_0/include/microblaze_sleep.h:74:6: note: declared here
 void MB_Sleep(u32 MilliSeconds) __attribute__((__deprecated__));
      ^
'Finished building: ../src/helloworld.c'
' '
'Building file: ../src/platform.c'
'Invoking: MicroBlaze gcc compiler'
mb-gcc -Wall -O0 -g3 -c -fmessage-length=0 -MT"src/platform.o" -I../../ProjetoFinal_SDK_bsp/microblaze_0/include -mlittle-endian -mcpu=v10.0 -mxl-soft-mul -Wl,--no-relax -MMD -MP -MF"src/platform.d" -MT"src/platform.o" -o "src/platform.o" "../src/platform.c"
'Finished building: ../src/platform.c'
' '
'Building target: ProjetoFinal_SDK.elf'
'Invoking: MicroBlaze gcc linker'
mb-gcc -Wl,-T -Wl,../src/lscript.ld -L../../ProjetoFinal_SDK_bsp/microblaze_0/lib -mlittle-endian -mcpu=v10.0 -mxl-soft-mul -Wl,--no-relax -o "ProjetoFinal_SDK.elf"  ./src/helloworld.o ./src/platform.o   -Wl,--start-group,-lxil,-lgcc,-lc,--end-group
'Finished building target: ProjetoFinal_SDK.elf'
' '
'Invoking: MicroBlaze Print Size'
mb-size ProjetoFinal_SDK.elf  |tee "ProjetoFinal_SDK.elf.size"
   text	   data	    bss	    dec	    hex	filename
   5296	    292	   3156	   8744	   2228	ProjetoFinal_SDK.elf
'Finished building: ProjetoFinal_SDK.elf.size'
' '
16:09:58 **** Incremental Build of configuration Debug for project ProjetoFinal_SDK ****
make all 
make: Nada a ser feito para `all'.
16:10:33 **** Clean-only build of configuration Debug for project ProjetoFinal_SDK ****
make clean 
rm -rf  ./src/helloworld.o ./src/platform.o  ./src/helloworld.d ./src/platform.d  ProjetoFinal_SDK.elf.size  ProjetoFinal_SDK.elf
' '
16:10:33 **** Clean-only build of project ProjetoFinal_SDK_bsp ****
make -k clean 
rm -f microblaze_0/lib/libxil.a
16:10:34 **** Build of project ProjetoFinal_SDK_bsp ****
make -k all 
"Running Make include in microblaze_0/libsrc/bram_v4_1/src"
make -C microblaze_0/libsrc/bram_v4_1/src -s include  "SHELL=CMD" "COMPILER=mb-gcc" "ARCHIVER=mb-ar" "COMPILER_FLAGS= -O2 -c -mcpu=v10.0 -mlittle-endian -mxl-soft-mul" "EXTRA_COMPILER_FLAGS=-g"
"Running Make include in microblaze_0/libsrc/cpu_v2_5/src"
make -C microblaze_0/libsrc/cpu_v2_5/src -s include  "SHELL=CMD" "COMPILER=mb-gcc" "ARCHIVER=mb-ar" "COMPILER_FLAGS= -O2 -c -mcpu=v10.0 -mlittle-endian -mxl-soft-mul" "EXTRA_COMPILER_FLAGS=-g"
"Running Make include in microblaze_0/libsrc/gpio_v4_3/src"
make -C microblaze_0/libsrc/gpio_v4_3/src -s include  "SHELL=CMD" "COMPILER=mb-gcc" "ARCHIVER=mb-ar" "COMPILER_FLAGS= -O2 -c -mcpu=v10.0 -mlittle-endian -mxl-soft-mul" "EXTRA_COMPILER_FLAGS=-g"
"Running Make include in microblaze_0/libsrc/standalone_v6_1/src"
make -C microblaze_0/libsrc/standalone_v6_1/src -s include  "SHELL=CMD" "COMPILER=mb-gcc" "ARCHIVER=mb-ar" "COMPILER_FLAGS= -O2 -c -mcpu=v10.0 -mlittle-endian -mxl-soft-mul" "EXTRA_COMPILER_FLAGS=-g"
"Running Make include in microblaze_0/libsrc/uartlite_v3_2/src"
make -C microblaze_0/libsrc/uartlite_v3_2/src -s include  "SHELL=CMD" "COMPILER=mb-gcc" "ARCHIVER=mb-ar" "COMPILER_FLAGS= -O2 -c -mcpu=v10.0 -mlittle-endian -mxl-soft-mul" "EXTRA_COMPILER_FLAGS=-g"
"Running Make libs in microblaze_0/libsrc/bram_v4_1/src"
make -C microblaze_0/libsrc/bram_v4_1/src -s libs  "SHELL=CMD" "COMPILER=mb-gcc" "ARCHIVER=mb-ar" "COMPILER_FLAGS= -O2 -c -mcpu=v10.0 -mlittle-endian -mxl-soft-mul" "EXTRA_COMPILER_FLAGS=-g"
"Compiling bram"
mb-ar: creating ../../../lib/libxil.a
"Running Make libs in microblaze_0/libsrc/cpu_v2_5/src"
make -C microblaze_0/libsrc/cpu_v2_5/src -s libs  "SHELL=CMD" "COMPILER=mb-gcc" "ARCHIVER=mb-ar" "COMPILER_FLAGS= -O2 -c -mcpu=v10.0 -mlittle-endian -mxl-soft-mul" "EXTRA_COMPILER_FLAGS=-g"
"Compiling cpu"
"Running Make libs in microblaze_0/libsrc/gpio_v4_3/src"
make -C microblaze_0/libsrc/gpio_v4_3/src -s libs  "SHELL=CMD" "COMPILER=mb-gcc" "ARCHIVER=mb-ar" "COMPILER_FLAGS= -O2 -c -mcpu=v10.0 -mlittle-endian -mxl-soft-mul" "EXTRA_COMPILER_FLAGS=-g"
"Compiling gpio"
"Running Make libs in microblaze_0/libsrc/standalone_v6_1/src"
make -C microblaze_0/libsrc/standalone_v6_1/src -s libs  "SHELL=CMD" "COMPILER=mb-gcc" "ARCHIVER=mb-ar" "COMPILER_FLAGS= -O2 -c -mcpu=v10.0 -mlittle-endian -mxl-soft-mul" "EXTRA_COMPILER_FLAGS=-g"
"Compiling standalone";
"Running Make libs in microblaze_0/libsrc/uartlite_v3_2/src"
make -C microblaze_0/libsrc/uartlite_v3_2/src -s libs  "SHELL=CMD" "COMPILER=mb-gcc" "ARCHIVER=mb-ar" "COMPILER_FLAGS= -O2 -c -mcpu=v10.0 -mlittle-endian -mxl-soft-mul" "EXTRA_COMPILER_FLAGS=-g"
"Compiling uartlite"
'Finished building libraries'
16:10:39 **** Build of configuration Debug for project ProjetoFinal_SDK ****
make all 
'Building file: ../src/helloworld.c'
'Invoking: MicroBlaze gcc compiler'
mb-gcc -Wall -O0 -g3 -c -fmessage-length=0 -MT"src/helloworld.o" -I../../ProjetoFinal_SDK_bsp/microblaze_0/include -mlittle-endian -mcpu=v10.0 -mxl-soft-mul -Wl,--no-relax -MMD -MP -MF"src/helloworld.d" -MT"src/helloworld.o" -o "src/helloworld.o" "../src/helloworld.c"
../src/helloworld.c: In function 'main':
../src/helloworld.c:82:1: warning: 'MB_Sleep' is deprecated [-Wdeprecated-declarations]
 MB_Sleep(10);
 ^
In file included from ../src/helloworld.c:54:0:
../../ProjetoFinal_SDK_bsp/microblaze_0/include/microblaze_sleep.h:74:6: note: declared here
 void MB_Sleep(u32 MilliSeconds) __attribute__((__deprecated__));
      ^
../src/helloworld.c:85:1: warning: 'MB_Sleep' is deprecated [-Wdeprecated-declarations]
 MB_Sleep(10);
 ^
In file included from ../src/helloworld.c:54:0:
../../ProjetoFinal_SDK_bsp/microblaze_0/include/microblaze_sleep.h:74:6: note: declared here
 void MB_Sleep(u32 MilliSeconds) __attribute__((__deprecated__));
      ^
'Finished building: ../src/helloworld.c'
' '
'Building file: ../src/platform.c'
'Invoking: MicroBlaze gcc compiler'
mb-gcc -Wall -O0 -g3 -c -fmessage-length=0 -MT"src/platform.o" -I../../ProjetoFinal_SDK_bsp/microblaze_0/include -mlittle-endian -mcpu=v10.0 -mxl-soft-mul -Wl,--no-relax -MMD -MP -MF"src/platform.d" -MT"src/platform.o" -o "src/platform.o" "../src/platform.c"
'Finished building: ../src/platform.c'
' '
'Building target: ProjetoFinal_SDK.elf'
'Invoking: MicroBlaze gcc linker'
mb-gcc -Wl,-T -Wl,../src/lscript.ld -L../../ProjetoFinal_SDK_bsp/microblaze_0/lib -mlittle-endian -mcpu=v10.0 -mxl-soft-mul -Wl,--no-relax -o "ProjetoFinal_SDK.elf"  ./src/helloworld.o ./src/platform.o   -Wl,--start-group,-lxil,-lgcc,-lc,--end-group
'Finished building target: ProjetoFinal_SDK.elf'
' '
'Invoking: MicroBlaze Print Size'
mb-size ProjetoFinal_SDK.elf  |tee "ProjetoFinal_SDK.elf.size"
   text	   data	    bss	    dec	    hex	filename
   5296	    292	   3156	   8744	   2228	ProjetoFinal_SDK.elf
'Finished building: ProjetoFinal_SDK.elf.size'
' '
16:10:45 **** Incremental Build of configuration Debug for project ProjetoFinal_SDK ****
make all 
make: Nada a ser feito para `all'.
16:12:32 **** Auto Build of configuration Debug for project ProjetoFinal_SDK ****
make all 
'Building file: ../src/helloworld.c'
'Invoking: MicroBlaze gcc compiler'
mb-gcc -Wall -O0 -g3 -c -fmessage-length=0 -MT"src/helloworld.o" -I../../ProjetoFinal_SDK_bsp/microblaze_0/include -mlittle-endian -mcpu=v10.0 -mxl-soft-mul -Wl,--no-relax -MMD -MP -MF"src/helloworld.d" -MT"src/helloworld.o" -o "src/helloworld.o" "../src/helloworld.c"
../src/helloworld.c: In function 'main':
../src/helloworld.c:86:6: warning: 'MB_Sleep' is deprecated [-Wdeprecated-declarations]
      MB_Sleep(1000);
      ^
In file included from ../src/helloworld.c:54:0:
../../ProjetoFinal_SDK_bsp/microblaze_0/include/microblaze_sleep.h:74:6: note: declared here
 void MB_Sleep(u32 MilliSeconds) __attribute__((__deprecated__));
      ^
../src/helloworld.c:67:16: warning: unused variable 'input' [-Wunused-variable]
   unsigned int input;
                ^
'Finished building: ../src/helloworld.c'
' '
'Building target: ProjetoFinal_SDK.elf'
'Invoking: MicroBlaze gcc linker'
mb-gcc -Wl,-T -Wl,../src/lscript.ld -L../../ProjetoFinal_SDK_bsp/microblaze_0/lib -mlittle-endian -mcpu=v10.0 -mxl-soft-mul -Wl,--no-relax -o "ProjetoFinal_SDK.elf"  ./src/helloworld.o ./src/platform.o   -Wl,--start-group,-lxil,-lgcc,-lc,--end-group
'Finished building target: ProjetoFinal_SDK.elf'
' '
'Invoking: MicroBlaze Print Size'
mb-size ProjetoFinal_SDK.elf  |tee "ProjetoFinal_SDK.elf.size"
   text	   data	    bss	    dec	    hex	filename
   7524	    296	   3156	  10976	   2ae0	ProjetoFinal_SDK.elf
'Finished building: ProjetoFinal_SDK.elf.size'
' '
16:12:37 **** Clean-only build of configuration Debug for project ProjetoFinal_SDK ****
make clean 
rm -rf  ./src/helloworld.o ./src/platform.o  ./src/helloworld.d ./src/platform.d  ProjetoFinal_SDK.elf.size  ProjetoFinal_SDK.elf
' '
16:12:38 **** Clean-only build of project ProjetoFinal_SDK_bsp ****
make -k clean 
rm -f microblaze_0/lib/libxil.a
16:12:38 **** Build of project ProjetoFinal_SDK_bsp ****
make -k all 
"Running Make include in microblaze_0/libsrc/bram_v4_1/src"
make -C microblaze_0/libsrc/bram_v4_1/src -s include  "SHELL=CMD" "COMPILER=mb-gcc" "ARCHIVER=mb-ar" "COMPILER_FLAGS= -O2 -c -mcpu=v10.0 -mlittle-endian -mxl-soft-mul" "EXTRA_COMPILER_FLAGS=-g"
"Running Make include in microblaze_0/libsrc/cpu_v2_5/src"
make -C microblaze_0/libsrc/cpu_v2_5/src -s include  "SHELL=CMD" "COMPILER=mb-gcc" "ARCHIVER=mb-ar" "COMPILER_FLAGS= -O2 -c -mcpu=v10.0 -mlittle-endian -mxl-soft-mul" "EXTRA_COMPILER_FLAGS=-g"
"Running Make include in microblaze_0/libsrc/gpio_v4_3/src"
make -C microblaze_0/libsrc/gpio_v4_3/src -s include  "SHELL=CMD" "COMPILER=mb-gcc" "ARCHIVER=mb-ar" "COMPILER_FLAGS= -O2 -c -mcpu=v10.0 -mlittle-endian -mxl-soft-mul" "EXTRA_COMPILER_FLAGS=-g"
"Running Make include in microblaze_0/libsrc/standalone_v6_1/src"
make -C microblaze_0/libsrc/standalone_v6_1/src -s include  "SHELL=CMD" "COMPILER=mb-gcc" "ARCHIVER=mb-ar" "COMPILER_FLAGS= -O2 -c -mcpu=v10.0 -mlittle-endian -mxl-soft-mul" "EXTRA_COMPILER_FLAGS=-g"
"Running Make include in microblaze_0/libsrc/uartlite_v3_2/src"
make -C microblaze_0/libsrc/uartlite_v3_2/src -s include  "SHELL=CMD" "COMPILER=mb-gcc" "ARCHIVER=mb-ar" "COMPILER_FLAGS= -O2 -c -mcpu=v10.0 -mlittle-endian -mxl-soft-mul" "EXTRA_COMPILER_FLAGS=-g"
"Running Make libs in microblaze_0/libsrc/bram_v4_1/src"
make -C microblaze_0/libsrc/bram_v4_1/src -s libs  "SHELL=CMD" "COMPILER=mb-gcc" "ARCHIVER=mb-ar" "COMPILER_FLAGS= -O2 -c -mcpu=v10.0 -mlittle-endian -mxl-soft-mul" "EXTRA_COMPILER_FLAGS=-g"
"Compiling bram"
mb-ar: creating ../../../lib/libxil.a
"Running Make libs in microblaze_0/libsrc/cpu_v2_5/src"
make -C microblaze_0/libsrc/cpu_v2_5/src -s libs  "SHELL=CMD" "COMPILER=mb-gcc" "ARCHIVER=mb-ar" "COMPILER_FLAGS= -O2 -c -mcpu=v10.0 -mlittle-endian -mxl-soft-mul" "EXTRA_COMPILER_FLAGS=-g"
"Compiling cpu"
"Running Make libs in microblaze_0/libsrc/gpio_v4_3/src"
make -C microblaze_0/libsrc/gpio_v4_3/src -s libs  "SHELL=CMD" "COMPILER=mb-gcc" "ARCHIVER=mb-ar" "COMPILER_FLAGS= -O2 -c -mcpu=v10.0 -mlittle-endian -mxl-soft-mul" "EXTRA_COMPILER_FLAGS=-g"
"Compiling gpio"
"Running Make libs in microblaze_0/libsrc/standalone_v6_1/src"
make -C microblaze_0/libsrc/standalone_v6_1/src -s libs  "SHELL=CMD" "COMPILER=mb-gcc" "ARCHIVER=mb-ar" "COMPILER_FLAGS= -O2 -c -mcpu=v10.0 -mlittle-endian -mxl-soft-mul" "EXTRA_COMPILER_FLAGS=-g"
"Compiling standalone";
"Running Make libs in microblaze_0/libsrc/uartlite_v3_2/src"
make -C microblaze_0/libsrc/uartlite_v3_2/src -s libs  "SHELL=CMD" "COMPILER=mb-gcc" "ARCHIVER=mb-ar" "COMPILER_FLAGS= -O2 -c -mcpu=v10.0 -mlittle-endian -mxl-soft-mul" "EXTRA_COMPILER_FLAGS=-g"
"Compiling uartlite"
'Finished building libraries'
16:12:43 **** Build of configuration Debug for project ProjetoFinal_SDK ****
make all 
'Building file: ../src/helloworld.c'
'Invoking: MicroBlaze gcc compiler'
mb-gcc -Wall -O0 -g3 -c -fmessage-length=0 -MT"src/helloworld.o" -I../../ProjetoFinal_SDK_bsp/microblaze_0/include -mlittle-endian -mcpu=v10.0 -mxl-soft-mul -Wl,--no-relax -MMD -MP -MF"src/helloworld.d" -MT"src/helloworld.o" -o "src/helloworld.o" "../src/helloworld.c"
../src/helloworld.c: In function 'main':
../src/helloworld.c:86:6: warning: 'MB_Sleep' is deprecated [-Wdeprecated-declarations]
      MB_Sleep(1000);
      ^
In file included from ../src/helloworld.c:54:0:
../../ProjetoFinal_SDK_bsp/microblaze_0/include/microblaze_sleep.h:74:6: note: declared here
 void MB_Sleep(u32 MilliSeconds) __attribute__((__deprecated__));
      ^
../src/helloworld.c:67:16: warning: unused variable 'input' [-Wunused-variable]
   unsigned int input;
                ^
'Finished building: ../src/helloworld.c'
' '
'Building file: ../src/platform.c'
'Invoking: MicroBlaze gcc compiler'
mb-gcc -Wall -O0 -g3 -c -fmessage-length=0 -MT"src/platform.o" -I../../ProjetoFinal_SDK_bsp/microblaze_0/include -mlittle-endian -mcpu=v10.0 -mxl-soft-mul -Wl,--no-relax -MMD -MP -MF"src/platform.d" -MT"src/platform.o" -o "src/platform.o" "../src/platform.c"
'Finished building: ../src/platform.c'
' '
'Building target: ProjetoFinal_SDK.elf'
'Invoking: MicroBlaze gcc linker'
mb-gcc -Wl,-T -Wl,../src/lscript.ld -L../../ProjetoFinal_SDK_bsp/microblaze_0/lib -mlittle-endian -mcpu=v10.0 -mxl-soft-mul -Wl,--no-relax -o "ProjetoFinal_SDK.elf"  ./src/helloworld.o ./src/platform.o   -Wl,--start-group,-lxil,-lgcc,-lc,--end-group
'Finished building target: ProjetoFinal_SDK.elf'
' '
'Invoking: MicroBlaze Print Size'
mb-size ProjetoFinal_SDK.elf  |tee "ProjetoFinal_SDK.elf.size"
   text	   data	    bss	    dec	    hex	filename
   7524	    296	   3156	  10976	   2ae0	ProjetoFinal_SDK.elf
'Finished building: ProjetoFinal_SDK.elf.size'
' '
16:12:46 **** Incremental Build of configuration Debug for project ProjetoFinal_SDK ****
make all 
make: Nada a ser feito para `all'.
16:12:52 **** Incremental Build of configuration Debug for project ProjetoFinal_SDK ****
make all 
make: Nada a ser feito para `all'.
16:15:21 **** Clean-only build of configuration Debug for project ProjetoFinal_SDK ****
make clean 
rm -rf  ./src/helloworld.o ./src/platform.o  ./src/helloworld.d ./src/platform.d  ProjetoFinal_SDK.elf.size  ProjetoFinal_SDK.elf
' '
16:15:21 **** Clean-only build of project ProjetoFinal_SDK_bsp ****
make -k clean 
rm -f microblaze_0/lib/libxil.a
16:15:21 **** Build of project ProjetoFinal_SDK_bsp ****
make -k all 
"Running Make include in microblaze_0/libsrc/bram_v4_1/src"
make -C microblaze_0/libsrc/bram_v4_1/src -s include  "SHELL=CMD" "COMPILER=mb-gcc" "ARCHIVER=mb-ar" "COMPILER_FLAGS= -O2 -c -mcpu=v10.0 -mlittle-endian -mxl-soft-mul" "EXTRA_COMPILER_FLAGS=-g"
"Running Make include in microblaze_0/libsrc/cpu_v2_5/src"
make -C microblaze_0/libsrc/cpu_v2_5/src -s include  "SHELL=CMD" "COMPILER=mb-gcc" "ARCHIVER=mb-ar" "COMPILER_FLAGS= -O2 -c -mcpu=v10.0 -mlittle-endian -mxl-soft-mul" "EXTRA_COMPILER_FLAGS=-g"
"Running Make include in microblaze_0/libsrc/gpio_v4_3/src"
make -C microblaze_0/libsrc/gpio_v4_3/src -s include  "SHELL=CMD" "COMPILER=mb-gcc" "ARCHIVER=mb-ar" "COMPILER_FLAGS= -O2 -c -mcpu=v10.0 -mlittle-endian -mxl-soft-mul" "EXTRA_COMPILER_FLAGS=-g"
"Running Make include in microblaze_0/libsrc/standalone_v6_1/src"
make -C microblaze_0/libsrc/standalone_v6_1/src -s include  "SHELL=CMD" "COMPILER=mb-gcc" "ARCHIVER=mb-ar" "COMPILER_FLAGS= -O2 -c -mcpu=v10.0 -mlittle-endian -mxl-soft-mul" "EXTRA_COMPILER_FLAGS=-g"
"Running Make include in microblaze_0/libsrc/uartlite_v3_2/src"
make -C microblaze_0/libsrc/uartlite_v3_2/src -s include  "SHELL=CMD" "COMPILER=mb-gcc" "ARCHIVER=mb-ar" "COMPILER_FLAGS= -O2 -c -mcpu=v10.0 -mlittle-endian -mxl-soft-mul" "EXTRA_COMPILER_FLAGS=-g"
"Running Make libs in microblaze_0/libsrc/bram_v4_1/src"
make -C microblaze_0/libsrc/bram_v4_1/src -s libs  "SHELL=CMD" "COMPILER=mb-gcc" "ARCHIVER=mb-ar" "COMPILER_FLAGS= -O2 -c -mcpu=v10.0 -mlittle-endian -mxl-soft-mul" "EXTRA_COMPILER_FLAGS=-g"
"Compiling bram"
mb-ar: creating ../../../lib/libxil.a
"Running Make libs in microblaze_0/libsrc/cpu_v2_5/src"
make -C microblaze_0/libsrc/cpu_v2_5/src -s libs  "SHELL=CMD" "COMPILER=mb-gcc" "ARCHIVER=mb-ar" "COMPILER_FLAGS= -O2 -c -mcpu=v10.0 -mlittle-endian -mxl-soft-mul" "EXTRA_COMPILER_FLAGS=-g"
"Compiling cpu"
"Running Make libs in microblaze_0/libsrc/gpio_v4_3/src"
make -C microblaze_0/libsrc/gpio_v4_3/src -s libs  "SHELL=CMD" "COMPILER=mb-gcc" "ARCHIVER=mb-ar" "COMPILER_FLAGS= -O2 -c -mcpu=v10.0 -mlittle-endian -mxl-soft-mul" "EXTRA_COMPILER_FLAGS=-g"
"Compiling gpio"
"Running Make libs in microblaze_0/libsrc/standalone_v6_1/src"
make -C microblaze_0/libsrc/standalone_v6_1/src -s libs  "SHELL=CMD" "COMPILER=mb-gcc" "ARCHIVER=mb-ar" "COMPILER_FLAGS= -O2 -c -mcpu=v10.0 -mlittle-endian -mxl-soft-mul" "EXTRA_COMPILER_FLAGS=-g"
"Compiling standalone";
"Running Make libs in microblaze_0/libsrc/uartlite_v3_2/src"
make -C microblaze_0/libsrc/uartlite_v3_2/src -s libs  "SHELL=CMD" "COMPILER=mb-gcc" "ARCHIVER=mb-ar" "COMPILER_FLAGS= -O2 -c -mcpu=v10.0 -mlittle-endian -mxl-soft-mul" "EXTRA_COMPILER_FLAGS=-g"
"Compiling uartlite"
'Finished building libraries'
16:15:27 **** Build of configuration Debug for project ProjetoFinal_SDK ****
make all 
'Building file: ../src/helloworld.c'
'Invoking: MicroBlaze gcc compiler'
mb-gcc -Wall -O0 -g3 -c -fmessage-length=0 -MT"src/helloworld.o" -I../../ProjetoFinal_SDK_bsp/microblaze_0/include -mlittle-endian -mcpu=v10.0 -mxl-soft-mul -Wl,--no-relax -MMD -MP -MF"src/helloworld.d" -MT"src/helloworld.o" -o "src/helloworld.o" "../src/helloworld.c"
../src/helloworld.c: In function 'main':
../src/helloworld.c:86:6: warning: 'MB_Sleep' is deprecated [-Wdeprecated-declarations]
      MB_Sleep(1000);
      ^
In file included from ../src/helloworld.c:54:0:
../../ProjetoFinal_SDK_bsp/microblaze_0/include/microblaze_sleep.h:74:6: note: declared here
 void MB_Sleep(u32 MilliSeconds) __attribute__((__deprecated__));
      ^
../src/helloworld.c:67:16: warning: unused variable 'input' [-Wunused-variable]
   unsigned int input;
                ^
'Finished building: ../src/helloworld.c'
' '
'Building file: ../src/platform.c'
'Invoking: MicroBlaze gcc compiler'
mb-gcc -Wall -O0 -g3 -c -fmessage-length=0 -MT"src/platform.o" -I../../ProjetoFinal_SDK_bsp/microblaze_0/include -mlittle-endian -mcpu=v10.0 -mxl-soft-mul -Wl,--no-relax -MMD -MP -MF"src/platform.d" -MT"src/platform.o" -o "src/platform.o" "../src/platform.c"
'Finished building: ../src/platform.c'
' '
'Building target: ProjetoFinal_SDK.elf'
'Invoking: MicroBlaze gcc linker'
mb-gcc -Wl,-T -Wl,../src/lscript.ld -L../../ProjetoFinal_SDK_bsp/microblaze_0/lib -mlittle-endian -mcpu=v10.0 -mxl-soft-mul -Wl,--no-relax -o "ProjetoFinal_SDK.elf"  ./src/helloworld.o ./src/platform.o   -Wl,--start-group,-lxil,-lgcc,-lc,--end-group
'Finished building target: ProjetoFinal_SDK.elf'
' '
'Invoking: MicroBlaze Print Size'
mb-size ProjetoFinal_SDK.elf  |tee "ProjetoFinal_SDK.elf.size"
   text	   data	    bss	    dec	    hex	filename
   7524	    296	   3156	  10976	   2ae0	ProjetoFinal_SDK.elf
'Finished building: ProjetoFinal_SDK.elf.size'
' '
16:15:57 **** Incremental Build of configuration Debug for project ProjetoFinal_SDK ****
make all 
make: Nada a ser feito para `all'.
16:16:17 **** Auto Build of configuration Debug for project ProjetoFinal_SDK ****
make all 
'Building file: ../src/helloworld.c'
'Invoking: MicroBlaze gcc compiler'
mb-gcc -Wall -O0 -g3 -c -fmessage-length=0 -MT"src/helloworld.o" -I../../ProjetoFinal_SDK_bsp/microblaze_0/include -mlittle-endian -mcpu=v10.0 -mxl-soft-mul -Wl,--no-relax -MMD -MP -MF"src/helloworld.d" -MT"src/helloworld.o" -o "src/helloworld.o" "../src/helloworld.c"
../src/helloworld.c: In function 'main':
../src/helloworld.c:86:6: warning: 'MB_Sleep' is deprecated [-Wdeprecated-declarations]
      MB_Sleep(1000);
      ^
In file included from ../src/helloworld.c:54:0:
../../ProjetoFinal_SDK_bsp/microblaze_0/include/microblaze_sleep.h:74:6: note: declared here
 void MB_Sleep(u32 MilliSeconds) __attribute__((__deprecated__));
      ^
../src/helloworld.c:67:16: warning: unused variable 'input' [-Wunused-variable]
   unsigned int input;
                ^
'Finished building: ../src/helloworld.c'
' '
'Building target: ProjetoFinal_SDK.elf'
'Invoking: MicroBlaze gcc linker'
mb-gcc -Wl,-T -Wl,../src/lscript.ld -L../../ProjetoFinal_SDK_bsp/microblaze_0/lib -mlittle-endian -mcpu=v10.0 -mxl-soft-mul -Wl,--no-relax -o "ProjetoFinal_SDK.elf"  ./src/helloworld.o ./src/platform.o   -Wl,--start-group,-lxil,-lgcc,-lc,--end-group
'Finished building target: ProjetoFinal_SDK.elf'
' '
'Invoking: MicroBlaze Print Size'
mb-size ProjetoFinal_SDK.elf  |tee "ProjetoFinal_SDK.elf.size"
   text	   data	    bss	    dec	    hex	filename
   7524	    296	   3156	  10976	   2ae0	ProjetoFinal_SDK.elf
'Finished building: ProjetoFinal_SDK.elf.size'
' '
16:16:20 **** Incremental Build of configuration Debug for project ProjetoFinal_SDK ****
make all 
make: Nada a ser feito para `all'.
16:17:20 **** Auto Build of configuration Debug for project ProjetoFinal_SDK ****
make all 
'Building file: ../src/helloworld.c'
'Invoking: MicroBlaze gcc compiler'
mb-gcc -Wall -O0 -g3 -c -fmessage-length=0 -MT"src/helloworld.o" -I../../ProjetoFinal_SDK_bsp/microblaze_0/include -mlittle-endian -mcpu=v10.0 -mxl-soft-mul -Wl,--no-relax -MMD -MP -MF"src/helloworld.d" -MT"src/helloworld.o" -o "src/helloworld.o" "../src/helloworld.c"
../src/helloworld.c:57:6: error: conflicting types for 'print'
 void print(char *str);
      ^
In file included from c:\xilinx\sdk\2016.4\gnu\microblaze\nt\microblaze-xilinx-elf\include\stdio.h:29:0,
                 from ../src/helloworld.c:49:
c:\xilinx\sdk\2016.4\gnu\microblaze\nt\microblaze-xilinx-elf\include\stdio.h:223:9: note: previous declaration of 'print' was here
 void    _EXFUN(print, (const char* ));
         ^
../src/helloworld.c: In function 'main':
../src/helloworld.c:82:1: warning: 'MB_Sleep' is deprecated [-Wdeprecated-declarations]
 MB_Sleep(10);
 ^
In file included from ../src/helloworld.c:53:0:
../../ProjetoFinal_SDK_bsp/microblaze_0/include/microblaze_sleep.h:74:6: note: declared here
 void MB_Sleep(u32 MilliSeconds) __attribute__((__deprecated__));
      ^
../src/helloworld.c:85:1: warning: 'MB_Sleep' is deprecated [-Wdeprecated-declarations]
 MB_Sleep(10);
 ^
In file included from ../src/helloworld.c:53:0:
../../ProjetoFinal_SDK_bsp/microblaze_0/include/microblaze_sleep.h:74:6: note: declared here
 void MB_Sleep(u32 MilliSeconds) __attribute__((__deprecated__));
      ^
make: ** [src/helloworld.o] Erro 1
16:17:27 **** Auto Build of configuration Debug for project ProjetoFinal_SDK ****
make all 
'Building file: ../src/helloworld.c'
'Invoking: MicroBlaze gcc compiler'
mb-gcc -Wall -O0 -g3 -c -fmessage-length=0 -MT"src/helloworld.o" -I../../ProjetoFinal_SDK_bsp/microblaze_0/include -mlittle-endian -mcpu=v10.0 -mxl-soft-mul -Wl,--no-relax -MMD -MP -MF"src/helloworld.d" -MT"src/helloworld.o" -o "src/helloworld.o" "../src/helloworld.c"
../src/helloworld.c: In function 'main':
../src/helloworld.c:82:1: warning: 'MB_Sleep' is deprecated [-Wdeprecated-declarations]
 MB_Sleep(10);
 ^
In file included from ../src/helloworld.c:53:0:
../../ProjetoFinal_SDK_bsp/microblaze_0/include/microblaze_sleep.h:74:6: note: declared here
 void MB_Sleep(u32 MilliSeconds) __attribute__((__deprecated__));
      ^
../src/helloworld.c:85:1: warning: 'MB_Sleep' is deprecated [-Wdeprecated-declarations]
 MB_Sleep(10);
 ^
In file included from ../src/helloworld.c:53:0:
../../ProjetoFinal_SDK_bsp/microblaze_0/include/microblaze_sleep.h:74:6: note: declared here
 void MB_Sleep(u32 MilliSeconds) __attribute__((__deprecated__));
      ^
'Finished building: ../src/helloworld.c'
' '
'Building target: ProjetoFinal_SDK.elf'
'Invoking: MicroBlaze gcc linker'
mb-gcc -Wl,-T -Wl,../src/lscript.ld -L../../ProjetoFinal_SDK_bsp/microblaze_0/lib -mlittle-endian -mcpu=v10.0 -mxl-soft-mul -Wl,--no-relax -o "ProjetoFinal_SDK.elf"  ./src/helloworld.o ./src/platform.o   -Wl,--start-group,-lxil,-lgcc,-lc,--end-group
'Finished building target: ProjetoFinal_SDK.elf'
' '
'Invoking: MicroBlaze Print Size'
mb-size ProjetoFinal_SDK.elf  |tee "ProjetoFinal_SDK.elf.size"
   text	   data	    bss	    dec	    hex	filename
   5296	    292	   3156	   8744	   2228	ProjetoFinal_SDK.elf
'Finished building: ProjetoFinal_SDK.elf.size'
' '
16:17:43 **** Auto Build of configuration Debug for project ProjetoFinal_SDK ****
make all 
'Building file: ../src/helloworld.c'
'Invoking: MicroBlaze gcc compiler'
mb-gcc -Wall -O0 -g3 -c -fmessage-length=0 -MT"src/helloworld.o" -I../../ProjetoFinal_SDK_bsp/microblaze_0/include -mlittle-endian -mcpu=v10.0 -mxl-soft-mul -Wl,--no-relax -MMD -MP -MF"src/helloworld.d" -MT"src/helloworld.o" -o "src/helloworld.o" "../src/helloworld.c"
../src/helloworld.c: In function 'main':
../src/helloworld.c:82:1: warning: 'MB_Sleep' is deprecated [-Wdeprecated-declarations]
 MB_Sleep(10);
 ^
In file included from ../src/helloworld.c:53:0:
../../ProjetoFinal_SDK_bsp/microblaze_0/include/microblaze_sleep.h:74:6: note: declared here
 void MB_Sleep(u32 MilliSeconds) __attribute__((__deprecated__));
      ^
../src/helloworld.c:85:1: warning: 'MB_Sleep' is deprecated [-Wdeprecated-declarations]
 MB_Sleep(10);
 ^
In file included from ../src/helloworld.c:53:0:
../../ProjetoFinal_SDK_bsp/microblaze_0/include/microblaze_sleep.h:74:6: note: declared here
 void MB_Sleep(u32 MilliSeconds) __attribute__((__deprecated__));
      ^
'Finished building: ../src/helloworld.c'
' '
'Building target: ProjetoFinal_SDK.elf'
'Invoking: MicroBlaze gcc linker'
mb-gcc -Wl,-T -Wl,../src/lscript.ld -L../../ProjetoFinal_SDK_bsp/microblaze_0/lib -mlittle-endian -mcpu=v10.0 -mxl-soft-mul -Wl,--no-relax -o "ProjetoFinal_SDK.elf"  ./src/helloworld.o ./src/platform.o   -Wl,--start-group,-lxil,-lgcc,-lc,--end-group
'Finished building target: ProjetoFinal_SDK.elf'
' '
'Invoking: MicroBlaze Print Size'
mb-size ProjetoFinal_SDK.elf  |tee "ProjetoFinal_SDK.elf.size"
   text	   data	    bss	    dec	    hex	filename
   5296	    292	   3156	   8744	   2228	ProjetoFinal_SDK.elf
'Finished building: ProjetoFinal_SDK.elf.size'
' '
16:17:51 **** Incremental Build of configuration Debug for project ProjetoFinal_SDK ****
make all 
make: Nada a ser feito para `all'.
16:19:26 **** Clean-only build of configuration Debug for project ProjetoFinal_SDK ****
make clean 
rm -rf  ./src/helloworld.o ./src/platform.o  ./src/helloworld.d ./src/platform.d  ProjetoFinal_SDK.elf.size  ProjetoFinal_SDK.elf
' '
16:19:26 **** Clean-only build of project ProjetoFinal_SDK_bsp ****
make -k clean 
rm -f microblaze_0/lib/libxil.a
16:19:26 **** Build of project ProjetoFinal_SDK_bsp ****
make -k all 
"Running Make include in microblaze_0/libsrc/bram_v4_1/src"
make -C microblaze_0/libsrc/bram_v4_1/src -s include  "SHELL=CMD" "COMPILER=mb-gcc" "ARCHIVER=mb-ar" "COMPILER_FLAGS= -O2 -c -mcpu=v10.0 -mlittle-endian -mxl-soft-mul" "EXTRA_COMPILER_FLAGS=-g"
"Running Make include in microblaze_0/libsrc/cpu_v2_5/src"
make -C microblaze_0/libsrc/cpu_v2_5/src -s include  "SHELL=CMD" "COMPILER=mb-gcc" "ARCHIVER=mb-ar" "COMPILER_FLAGS= -O2 -c -mcpu=v10.0 -mlittle-endian -mxl-soft-mul" "EXTRA_COMPILER_FLAGS=-g"
"Running Make include in microblaze_0/libsrc/gpio_v4_3/src"
make -C microblaze_0/libsrc/gpio_v4_3/src -s include  "SHELL=CMD" "COMPILER=mb-gcc" "ARCHIVER=mb-ar" "COMPILER_FLAGS= -O2 -c -mcpu=v10.0 -mlittle-endian -mxl-soft-mul" "EXTRA_COMPILER_FLAGS=-g"
"Running Make include in microblaze_0/libsrc/standalone_v6_1/src"
make -C microblaze_0/libsrc/standalone_v6_1/src -s include  "SHELL=CMD" "COMPILER=mb-gcc" "ARCHIVER=mb-ar" "COMPILER_FLAGS= -O2 -c -mcpu=v10.0 -mlittle-endian -mxl-soft-mul" "EXTRA_COMPILER_FLAGS=-g"
"Running Make include in microblaze_0/libsrc/uartlite_v3_2/src"
make -C microblaze_0/libsrc/uartlite_v3_2/src -s include  "SHELL=CMD" "COMPILER=mb-gcc" "ARCHIVER=mb-ar" "COMPILER_FLAGS= -O2 -c -mcpu=v10.0 -mlittle-endian -mxl-soft-mul" "EXTRA_COMPILER_FLAGS=-g"
"Running Make libs in microblaze_0/libsrc/bram_v4_1/src"
make -C microblaze_0/libsrc/bram_v4_1/src -s libs  "SHELL=CMD" "COMPILER=mb-gcc" "ARCHIVER=mb-ar" "COMPILER_FLAGS= -O2 -c -mcpu=v10.0 -mlittle-endian -mxl-soft-mul" "EXTRA_COMPILER_FLAGS=-g"
"Compiling bram"
mb-ar: creating ../../../lib/libxil.a
"Running Make libs in microblaze_0/libsrc/cpu_v2_5/src"
make -C microblaze_0/libsrc/cpu_v2_5/src -s libs  "SHELL=CMD" "COMPILER=mb-gcc" "ARCHIVER=mb-ar" "COMPILER_FLAGS= -O2 -c -mcpu=v10.0 -mlittle-endian -mxl-soft-mul" "EXTRA_COMPILER_FLAGS=-g"
"Compiling cpu"
"Running Make libs in microblaze_0/libsrc/gpio_v4_3/src"
make -C microblaze_0/libsrc/gpio_v4_3/src -s libs  "SHELL=CMD" "COMPILER=mb-gcc" "ARCHIVER=mb-ar" "COMPILER_FLAGS= -O2 -c -mcpu=v10.0 -mlittle-endian -mxl-soft-mul" "EXTRA_COMPILER_FLAGS=-g"
"Compiling gpio"
"Running Make libs in microblaze_0/libsrc/standalone_v6_1/src"
make -C microblaze_0/libsrc/standalone_v6_1/src -s libs  "SHELL=CMD" "COMPILER=mb-gcc" "ARCHIVER=mb-ar" "COMPILER_FLAGS= -O2 -c -mcpu=v10.0 -mlittle-endian -mxl-soft-mul" "EXTRA_COMPILER_FLAGS=-g"
"Compiling standalone";
"Running Make libs in microblaze_0/libsrc/uartlite_v3_2/src"
make -C microblaze_0/libsrc/uartlite_v3_2/src -s libs  "SHELL=CMD" "COMPILER=mb-gcc" "ARCHIVER=mb-ar" "COMPILER_FLAGS= -O2 -c -mcpu=v10.0 -mlittle-endian -mxl-soft-mul" "EXTRA_COMPILER_FLAGS=-g"
"Compiling uartlite"
'Finished building libraries'
16:19:32 **** Build of configuration Debug for project ProjetoFinal_SDK ****
make all 
'Building file: ../src/helloworld.c'
'Invoking: MicroBlaze gcc compiler'
mb-gcc -Wall -O0 -g3 -c -fmessage-length=0 -MT"src/helloworld.o" -I../../ProjetoFinal_SDK_bsp/microblaze_0/include -mlittle-endian -mcpu=v10.0 -mxl-soft-mul -Wl,--no-relax -MMD -MP -MF"src/helloworld.d" -MT"src/helloworld.o" -o "src/helloworld.o" "../src/helloworld.c"
../src/helloworld.c: In function 'main':
../src/helloworld.c:82:1: warning: 'MB_Sleep' is deprecated [-Wdeprecated-declarations]
 MB_Sleep(10);
 ^
In file included from ../src/helloworld.c:53:0:
../../ProjetoFinal_SDK_bsp/microblaze_0/include/microblaze_sleep.h:74:6: note: declared here
 void MB_Sleep(u32 MilliSeconds) __attribute__((__deprecated__));
      ^
../src/helloworld.c:85:1: warning: 'MB_Sleep' is deprecated [-Wdeprecated-declarations]
 MB_Sleep(10);
 ^
In file included from ../src/helloworld.c:53:0:
../../ProjetoFinal_SDK_bsp/microblaze_0/include/microblaze_sleep.h:74:6: note: declared here
 void MB_Sleep(u32 MilliSeconds) __attribute__((__deprecated__));
      ^
'Finished building: ../src/helloworld.c'
' '
'Building file: ../src/platform.c'
'Invoking: MicroBlaze gcc compiler'
mb-gcc -Wall -O0 -g3 -c -fmessage-length=0 -MT"src/platform.o" -I../../ProjetoFinal_SDK_bsp/microblaze_0/include -mlittle-endian -mcpu=v10.0 -mxl-soft-mul -Wl,--no-relax -MMD -MP -MF"src/platform.d" -MT"src/platform.o" -o "src/platform.o" "../src/platform.c"
'Finished building: ../src/platform.c'
' '
'Building target: ProjetoFinal_SDK.elf'
'Invoking: MicroBlaze gcc linker'
mb-gcc -Wl,-T -Wl,../src/lscript.ld -L../../ProjetoFinal_SDK_bsp/microblaze_0/lib -mlittle-endian -mcpu=v10.0 -mxl-soft-mul -Wl,--no-relax -o "ProjetoFinal_SDK.elf"  ./src/helloworld.o ./src/platform.o   -Wl,--start-group,-lxil,-lgcc,-lc,--end-group
'Finished building target: ProjetoFinal_SDK.elf'
' '
'Invoking: MicroBlaze Print Size'
mb-size ProjetoFinal_SDK.elf  |tee "ProjetoFinal_SDK.elf.size"
   text	   data	    bss	    dec	    hex	filename
   5296	    292	   3156	   8744	   2228	ProjetoFinal_SDK.elf
'Finished building: ProjetoFinal_SDK.elf.size'
' '
16:19:59 **** Incremental Build of configuration Debug for project ProjetoFinal_SDK ****
make all 
make: Nada a ser feito para `all'.
16:21:56 **** Auto Build of configuration Debug for project ProjetoFinal_SDK ****
make all 
'Building file: ../src/helloworld.c'
'Invoking: MicroBlaze gcc compiler'
mb-gcc -Wall -O0 -g3 -c -fmessage-length=0 -MT"src/helloworld.o" -I../../ProjetoFinal_SDK_bsp/microblaze_0/include -mlittle-endian -mcpu=v10.0 -mxl-soft-mul -Wl,--no-relax -MMD -MP -MF"src/helloworld.d" -MT"src/helloworld.o" -o "src/helloworld.o" "../src/helloworld.c"
../src/helloworld.c: In function 'main':
../src/helloworld.c:82:1: warning: 'MB_Sleep' is deprecated [-Wdeprecated-declarations]
 MB_Sleep(10);
 ^
In file included from ../src/helloworld.c:53:0:
../../ProjetoFinal_SDK_bsp/microblaze_0/include/microblaze_sleep.h:74:6: note: declared here
 void MB_Sleep(u32 MilliSeconds) __attribute__((__deprecated__));
      ^
../src/helloworld.c:85:1: warning: 'MB_Sleep' is deprecated [-Wdeprecated-declarations]
 MB_Sleep(10);
 ^
In file included from ../src/helloworld.c:53:0:
../../ProjetoFinal_SDK_bsp/microblaze_0/include/microblaze_sleep.h:74:6: note: declared here
 void MB_Sleep(u32 MilliSeconds) __attribute__((__deprecated__));
      ^
'Finished building: ../src/helloworld.c'
' '
'Building target: ProjetoFinal_SDK.elf'
'Invoking: MicroBlaze gcc linker'
mb-gcc -Wl,-T -Wl,../src/lscript.ld -L../../ProjetoFinal_SDK_bsp/microblaze_0/lib -mlittle-endian -mcpu=v10.0 -mxl-soft-mul -Wl,--no-relax -o "ProjetoFinal_SDK.elf"  ./src/helloworld.o ./src/platform.o   -Wl,--start-group,-lxil,-lgcc,-lc,--end-group
'Finished building target: ProjetoFinal_SDK.elf'
' '
'Invoking: MicroBlaze Print Size'
mb-size ProjetoFinal_SDK.elf  |tee "ProjetoFinal_SDK.elf.size"
   text	   data	    bss	    dec	    hex	filename
   5244	    292	   3160	   8696	   21f8	ProjetoFinal_SDK.elf
'Finished building: ProjetoFinal_SDK.elf.size'
' '
16:22:02 **** Clean-only build of configuration Debug for project ProjetoFinal_SDK ****
make clean 
rm -rf  ./src/helloworld.o ./src/platform.o  ./src/helloworld.d ./src/platform.d  ProjetoFinal_SDK.elf.size  ProjetoFinal_SDK.elf
' '
16:22:02 **** Clean-only build of project ProjetoFinal_SDK_bsp ****
make -k clean 
rm -f microblaze_0/lib/libxil.a
16:22:02 **** Build of project ProjetoFinal_SDK_bsp ****
make -k all 
"Running Make include in microblaze_0/libsrc/bram_v4_1/src"
make -C microblaze_0/libsrc/bram_v4_1/src -s include  "SHELL=CMD" "COMPILER=mb-gcc" "ARCHIVER=mb-ar" "COMPILER_FLAGS= -O2 -c -mcpu=v10.0 -mlittle-endian -mxl-soft-mul" "EXTRA_COMPILER_FLAGS=-g"
"Running Make include in microblaze_0/libsrc/cpu_v2_5/src"
make -C microblaze_0/libsrc/cpu_v2_5/src -s include  "SHELL=CMD" "COMPILER=mb-gcc" "ARCHIVER=mb-ar" "COMPILER_FLAGS= -O2 -c -mcpu=v10.0 -mlittle-endian -mxl-soft-mul" "EXTRA_COMPILER_FLAGS=-g"
"Running Make include in microblaze_0/libsrc/gpio_v4_3/src"
make -C microblaze_0/libsrc/gpio_v4_3/src -s include  "SHELL=CMD" "COMPILER=mb-gcc" "ARCHIVER=mb-ar" "COMPILER_FLAGS= -O2 -c -mcpu=v10.0 -mlittle-endian -mxl-soft-mul" "EXTRA_COMPILER_FLAGS=-g"
"Running Make include in microblaze_0/libsrc/standalone_v6_1/src"
make -C microblaze_0/libsrc/standalone_v6_1/src -s include  "SHELL=CMD" "COMPILER=mb-gcc" "ARCHIVER=mb-ar" "COMPILER_FLAGS= -O2 -c -mcpu=v10.0 -mlittle-endian -mxl-soft-mul" "EXTRA_COMPILER_FLAGS=-g"
"Running Make include in microblaze_0/libsrc/uartlite_v3_2/src"
make -C microblaze_0/libsrc/uartlite_v3_2/src -s include  "SHELL=CMD" "COMPILER=mb-gcc" "ARCHIVER=mb-ar" "COMPILER_FLAGS= -O2 -c -mcpu=v10.0 -mlittle-endian -mxl-soft-mul" "EXTRA_COMPILER_FLAGS=-g"
"Running Make libs in microblaze_0/libsrc/bram_v4_1/src"
make -C microblaze_0/libsrc/bram_v4_1/src -s libs  "SHELL=CMD" "COMPILER=mb-gcc" "ARCHIVER=mb-ar" "COMPILER_FLAGS= -O2 -c -mcpu=v10.0 -mlittle-endian -mxl-soft-mul" "EXTRA_COMPILER_FLAGS=-g"
"Compiling bram"
mb-ar: creating ../../../lib/libxil.a
"Running Make libs in microblaze_0/libsrc/cpu_v2_5/src"
make -C microblaze_0/libsrc/cpu_v2_5/src -s libs  "SHELL=CMD" "COMPILER=mb-gcc" "ARCHIVER=mb-ar" "COMPILER_FLAGS= -O2 -c -mcpu=v10.0 -mlittle-endian -mxl-soft-mul" "EXTRA_COMPILER_FLAGS=-g"
"Compiling cpu"
"Running Make libs in microblaze_0/libsrc/gpio_v4_3/src"
make -C microblaze_0/libsrc/gpio_v4_3/src -s libs  "SHELL=CMD" "COMPILER=mb-gcc" "ARCHIVER=mb-ar" "COMPILER_FLAGS= -O2 -c -mcpu=v10.0 -mlittle-endian -mxl-soft-mul" "EXTRA_COMPILER_FLAGS=-g"
"Compiling gpio"
"Running Make libs in microblaze_0/libsrc/standalone_v6_1/src"
make -C microblaze_0/libsrc/standalone_v6_1/src -s libs  "SHELL=CMD" "COMPILER=mb-gcc" "ARCHIVER=mb-ar" "COMPILER_FLAGS= -O2 -c -mcpu=v10.0 -mlittle-endian -mxl-soft-mul" "EXTRA_COMPILER_FLAGS=-g"
"Compiling standalone";
"Running Make libs in microblaze_0/libsrc/uartlite_v3_2/src"
make -C microblaze_0/libsrc/uartlite_v3_2/src -s libs  "SHELL=CMD" "COMPILER=mb-gcc" "ARCHIVER=mb-ar" "COMPILER_FLAGS= -O2 -c -mcpu=v10.0 -mlittle-endian -mxl-soft-mul" "EXTRA_COMPILER_FLAGS=-g"
"Compiling uartlite"
'Finished building libraries'
16:22:08 **** Build of configuration Debug for project ProjetoFinal_SDK ****
make all 
'Building file: ../src/helloworld.c'
'Invoking: MicroBlaze gcc compiler'
mb-gcc -Wall -O0 -g3 -c -fmessage-length=0 -MT"src/helloworld.o" -I../../ProjetoFinal_SDK_bsp/microblaze_0/include -mlittle-endian -mcpu=v10.0 -mxl-soft-mul -Wl,--no-relax -MMD -MP -MF"src/helloworld.d" -MT"src/helloworld.o" -o "src/helloworld.o" "../src/helloworld.c"
../src/helloworld.c: In function 'main':
../src/helloworld.c:82:1: warning: 'MB_Sleep' is deprecated [-Wdeprecated-declarations]
 MB_Sleep(10);
 ^
In file included from ../src/helloworld.c:53:0:
../../ProjetoFinal_SDK_bsp/microblaze_0/include/microblaze_sleep.h:74:6: note: declared here
 void MB_Sleep(u32 MilliSeconds) __attribute__((__deprecated__));
      ^
../src/helloworld.c:85:1: warning: 'MB_Sleep' is deprecated [-Wdeprecated-declarations]
 MB_Sleep(10);
 ^
In file included from ../src/helloworld.c:53:0:
../../ProjetoFinal_SDK_bsp/microblaze_0/include/microblaze_sleep.h:74:6: note: declared here
 void MB_Sleep(u32 MilliSeconds) __attribute__((__deprecated__));
      ^
'Finished building: ../src/helloworld.c'
' '
'Building file: ../src/platform.c'
'Invoking: MicroBlaze gcc compiler'
mb-gcc -Wall -O0 -g3 -c -fmessage-length=0 -MT"src/platform.o" -I../../ProjetoFinal_SDK_bsp/microblaze_0/include -mlittle-endian -mcpu=v10.0 -mxl-soft-mul -Wl,--no-relax -MMD -MP -MF"src/platform.d" -MT"src/platform.o" -o "src/platform.o" "../src/platform.c"
'Finished building: ../src/platform.c'
' '
'Building target: ProjetoFinal_SDK.elf'
'Invoking: MicroBlaze gcc linker'
mb-gcc -Wl,-T -Wl,../src/lscript.ld -L../../ProjetoFinal_SDK_bsp/microblaze_0/lib -mlittle-endian -mcpu=v10.0 -mxl-soft-mul -Wl,--no-relax -o "ProjetoFinal_SDK.elf"  ./src/helloworld.o ./src/platform.o   -Wl,--start-group,-lxil,-lgcc,-lc,--end-group
'Finished building target: ProjetoFinal_SDK.elf'
' '
'Invoking: MicroBlaze Print Size'
mb-size ProjetoFinal_SDK.elf  |tee "ProjetoFinal_SDK.elf.size"
   text	   data	    bss	    dec	    hex	filename
   5244	    292	   3160	   8696	   21f8	ProjetoFinal_SDK.elf
'Finished building: ProjetoFinal_SDK.elf.size'
' '
16:22:43 **** Incremental Build of configuration Debug for project ProjetoFinal_SDK ****
make all 
make: Nada a ser feito para `all'.
16:24:37 **** Auto Build of configuration Debug for project ProjetoFinal_SDK ****
make all 
'Building file: ../src/helloworld.c'
'Invoking: MicroBlaze gcc compiler'
mb-gcc -Wall -O0 -g3 -c -fmessage-length=0 -MT"src/helloworld.o" -I../../ProjetoFinal_SDK_bsp/microblaze_0/include -mlittle-endian -mcpu=v10.0 -mxl-soft-mul -Wl,--no-relax -MMD -MP -MF"src/helloworld.d" -MT"src/helloworld.o" -o "src/helloworld.o" "../src/helloworld.c"
../src/helloworld.c: In function 'main':
../src/helloworld.c:81:1: warning: 'MB_Sleep' is deprecated [-Wdeprecated-declarations]
 MB_Sleep(10);
 ^
In file included from ../src/helloworld.c:52:0:
../../ProjetoFinal_SDK_bsp/microblaze_0/include/microblaze_sleep.h:74:6: note: declared here
 void MB_Sleep(u32 MilliSeconds) __attribute__((__deprecated__));
      ^
../src/helloworld.c:84:1: warning: 'MB_Sleep' is deprecated [-Wdeprecated-declarations]
 MB_Sleep(10);
 ^
In file included from ../src/helloworld.c:52:0:
../../ProjetoFinal_SDK_bsp/microblaze_0/include/microblaze_sleep.h:74:6: note: declared here
 void MB_Sleep(u32 MilliSeconds) __attribute__((__deprecated__));
      ^
'Finished building: ../src/helloworld.c'
' '
'Building target: ProjetoFinal_SDK.elf'
'Invoking: MicroBlaze gcc linker'
mb-gcc -Wl,-T -Wl,../src/lscript.ld -L../../ProjetoFinal_SDK_bsp/microblaze_0/lib -mlittle-endian -mcpu=v10.0 -mxl-soft-mul -Wl,--no-relax -o "ProjetoFinal_SDK.elf"  ./src/helloworld.o ./src/platform.o   -Wl,--start-group,-lxil,-lgcc,-lc,--end-group
'Finished building target: ProjetoFinal_SDK.elf'
' '
'Invoking: MicroBlaze Print Size'
mb-size ProjetoFinal_SDK.elf  |tee "ProjetoFinal_SDK.elf.size"
   text	   data	    bss	    dec	    hex	filename
   5244	    292	   3160	   8696	   21f8	ProjetoFinal_SDK.elf
'Finished building: ProjetoFinal_SDK.elf.size'
' '
18:00:56 **** Auto Build of configuration Debug for project ProjetoFinal_SDK ****
make all 
'Building file: ../src/helloworld.c'
'Invoking: MicroBlaze gcc compiler'
mb-gcc -Wall -O0 -g3 -c -fmessage-length=0 -MT"src/helloworld.o" -I../../ProjetoFinal_SDK_bsp/microblaze_0/include -mlittle-endian -mcpu=v10.0 -mxl-soft-mul -Wl,--no-relax -MMD -MP -MF"src/helloworld.d" -MT"src/helloworld.o" -o "src/helloworld.o" "../src/helloworld.c"
../src/helloworld.c:81:1: error: expected '=', ',', ';', 'asm' or '__attribute__' at end of input
 s
 ^
make: ** [src/helloworld.o] Erro 1
18:01:29 **** Auto Build of configuration Debug for project ProjetoFinal_SDK ****
make all 
'Building file: ../src/helloworld.c'
'Invoking: MicroBlaze gcc compiler'
mb-gcc -Wall -O0 -g3 -c -fmessage-length=0 -MT"src/helloworld.o" -I../../ProjetoFinal_SDK_bsp/microblaze_0/include -mlittle-endian -mcpu=v10.0 -mxl-soft-mul -Wl,--no-relax -MMD -MP -MF"src/helloworld.d" -MT"src/helloworld.o" -o "src/helloworld.o" "../src/helloworld.c"
../src/helloworld.c:82:1: error: expected '=', ',', ';', 'asm' or '__attribute__' at end of input
 s
 ^
make: ** [src/helloworld.o] Erro 1
18:01:46 **** Auto Build of configuration Debug for project ProjetoFinal_SDK ****
make all 
'Building file: ../src/helloworld.c'
'Invoking: MicroBlaze gcc compiler'
mb-gcc -Wall -O0 -g3 -c -fmessage-length=0 -MT"src/helloworld.o" -I../../ProjetoFinal_SDK_bsp/microblaze_0/include -mlittle-endian -mcpu=v10.0 -mxl-soft-mul -Wl,--no-relax -MMD -MP -MF"src/helloworld.d" -MT"src/helloworld.o" -o "src/helloworld.o" "../src/helloworld.c"
../src/helloworld.c:82:1: error: expected '=', ',', ';', 'asm' or '__attribute__' at end of input
 s
 ^
make: ** [src/helloworld.o] Erro 1
18:01:53 **** Clean-only build of configuration Debug for project ProjetoFinal_SDK ****
make clean 
rm -rf  ./src/helloworld.o ./src/platform.o  ./src/helloworld.d ./src/platform.d  ProjetoFinal_SDK.elf.size  ProjetoFinal_SDK.elf
' '
18:01:54 **** Clean-only build of project ProjetoFinal_SDK_bsp ****
make -k clean 
rm -f microblaze_0/lib/libxil.a
18:01:55 **** Build of project ProjetoFinal_SDK_bsp ****
make -k all 
"Running Make include in microblaze_0/libsrc/bram_v4_1/src"
make -C microblaze_0/libsrc/bram_v4_1/src -s include  "SHELL=CMD" "COMPILER=mb-gcc" "ARCHIVER=mb-ar" "COMPILER_FLAGS= -O2 -c -mcpu=v10.0 -mlittle-endian -mxl-soft-mul" "EXTRA_COMPILER_FLAGS=-g"
"Running Make include in microblaze_0/libsrc/cpu_v2_5/src"
make -C microblaze_0/libsrc/cpu_v2_5/src -s include  "SHELL=CMD" "COMPILER=mb-gcc" "ARCHIVER=mb-ar" "COMPILER_FLAGS= -O2 -c -mcpu=v10.0 -mlittle-endian -mxl-soft-mul" "EXTRA_COMPILER_FLAGS=-g"
"Running Make include in microblaze_0/libsrc/gpio_v4_3/src"
make -C microblaze_0/libsrc/gpio_v4_3/src -s include  "SHELL=CMD" "COMPILER=mb-gcc" "ARCHIVER=mb-ar" "COMPILER_FLAGS= -O2 -c -mcpu=v10.0 -mlittle-endian -mxl-soft-mul" "EXTRA_COMPILER_FLAGS=-g"
"Running Make include in microblaze_0/libsrc/standalone_v6_1/src"
make -C microblaze_0/libsrc/standalone_v6_1/src -s include  "SHELL=CMD" "COMPILER=mb-gcc" "ARCHIVER=mb-ar" "COMPILER_FLAGS= -O2 -c -mcpu=v10.0 -mlittle-endian -mxl-soft-mul" "EXTRA_COMPILER_FLAGS=-g"
"Running Make include in microblaze_0/libsrc/uartlite_v3_2/src"
make -C microblaze_0/libsrc/uartlite_v3_2/src -s include  "SHELL=CMD" "COMPILER=mb-gcc" "ARCHIVER=mb-ar" "COMPILER_FLAGS= -O2 -c -mcpu=v10.0 -mlittle-endian -mxl-soft-mul" "EXTRA_COMPILER_FLAGS=-g"
"Running Make libs in microblaze_0/libsrc/bram_v4_1/src"
make -C microblaze_0/libsrc/bram_v4_1/src -s libs  "SHELL=CMD" "COMPILER=mb-gcc" "ARCHIVER=mb-ar" "COMPILER_FLAGS= -O2 -c -mcpu=v10.0 -mlittle-endian -mxl-soft-mul" "EXTRA_COMPILER_FLAGS=-g"
"Compiling bram"
mb-ar: creating ../../../lib/libxil.a
"Running Make libs in microblaze_0/libsrc/cpu_v2_5/src"
make -C microblaze_0/libsrc/cpu_v2_5/src -s libs  "SHELL=CMD" "COMPILER=mb-gcc" "ARCHIVER=mb-ar" "COMPILER_FLAGS= -O2 -c -mcpu=v10.0 -mlittle-endian -mxl-soft-mul" "EXTRA_COMPILER_FLAGS=-g"
"Compiling cpu"
"Running Make libs in microblaze_0/libsrc/gpio_v4_3/src"
make -C microblaze_0/libsrc/gpio_v4_3/src -s libs  "SHELL=CMD" "COMPILER=mb-gcc" "ARCHIVER=mb-ar" "COMPILER_FLAGS= -O2 -c -mcpu=v10.0 -mlittle-endian -mxl-soft-mul" "EXTRA_COMPILER_FLAGS=-g"
"Compiling gpio"
"Running Make libs in microblaze_0/libsrc/standalone_v6_1/src"
make -C microblaze_0/libsrc/standalone_v6_1/src -s libs  "SHELL=CMD" "COMPILER=mb-gcc" "ARCHIVER=mb-ar" "COMPILER_FLAGS= -O2 -c -mcpu=v10.0 -mlittle-endian -mxl-soft-mul" "EXTRA_COMPILER_FLAGS=-g"
"Compiling standalone";
"Running Make libs in microblaze_0/libsrc/uartlite_v3_2/src"
make -C microblaze_0/libsrc/uartlite_v3_2/src -s libs  "SHELL=CMD" "COMPILER=mb-gcc" "ARCHIVER=mb-ar" "COMPILER_FLAGS= -O2 -c -mcpu=v10.0 -mlittle-endian -mxl-soft-mul" "EXTRA_COMPILER_FLAGS=-g"
"Compiling uartlite"
'Finished building libraries'
18:02:18 **** Build of configuration Debug for project ProjetoFinal_SDK ****
make all 
'Building file: ../src/helloworld.c'
'Invoking: MicroBlaze gcc compiler'
mb-gcc -Wall -O0 -g3 -c -fmessage-length=0 -MT"src/helloworld.o" -I../../ProjetoFinal_SDK_bsp/microblaze_0/include -mlittle-endian -mcpu=v10.0 -mxl-soft-mul -Wl,--no-relax -MMD -MP -MF"src/helloworld.d" -MT"src/helloworld.o" -o "src/helloworld.o" "../src/helloworld.c"
../src/helloworld.c:82:1: error: expected '=', ',', ';', 'asm' or '__attribute__' at end of input
 s
 ^
make: ** [src/helloworld.o] Erro 1
18:03:09 **** Incremental Build of configuration Debug for project ProjetoFinal_SDK ****
make all 
'Building file: ../src/helloworld.c'
'Invoking: MicroBlaze gcc compiler'
mb-gcc -Wall -O0 -g3 -c -fmessage-length=0 -MT"src/helloworld.o" -I../../ProjetoFinal_SDK_bsp/microblaze_0/include -mlittle-endian -mcpu=v10.0 -mxl-soft-mul -Wl,--no-relax -MMD -MP -MF"src/helloworld.d" -MT"src/helloworld.o" -o "src/helloworld.o" "../src/helloworld.c"
../src/helloworld.c:82:1: error: expected '=', ',', ';', 'asm' or '__attribute__' at end of input
 s
 ^
make: ** [src/helloworld.o] Erro 1
18:03:46 **** Clean-only build of configuration Debug for project ProjetoFinal_SDK ****
make clean 
rm -rf  ./src/helloworld.o ./src/platform.o  ./src/helloworld.d ./src/platform.d  ProjetoFinal_SDK.elf.size  ProjetoFinal_SDK.elf
' '
18:03:46 **** Clean-only build of project ProjetoFinal_SDK_bsp ****
make -k clean 
rm -f microblaze_0/lib/libxil.a
18:03:47 **** Build of project ProjetoFinal_SDK_bsp ****
make -k all 
"Running Make include in microblaze_0/libsrc/bram_v4_1/src"
make -C microblaze_0/libsrc/bram_v4_1/src -s include  "SHELL=CMD" "COMPILER=mb-gcc" "ARCHIVER=mb-ar" "COMPILER_FLAGS= -O2 -c -mcpu=v10.0 -mlittle-endian -mxl-soft-mul" "EXTRA_COMPILER_FLAGS=-g"
"Running Make include in microblaze_0/libsrc/cpu_v2_5/src"
make -C microblaze_0/libsrc/cpu_v2_5/src -s include  "SHELL=CMD" "COMPILER=mb-gcc" "ARCHIVER=mb-ar" "COMPILER_FLAGS= -O2 -c -mcpu=v10.0 -mlittle-endian -mxl-soft-mul" "EXTRA_COMPILER_FLAGS=-g"
"Running Make include in microblaze_0/libsrc/gpio_v4_3/src"
make -C microblaze_0/libsrc/gpio_v4_3/src -s include  "SHELL=CMD" "COMPILER=mb-gcc" "ARCHIVER=mb-ar" "COMPILER_FLAGS= -O2 -c -mcpu=v10.0 -mlittle-endian -mxl-soft-mul" "EXTRA_COMPILER_FLAGS=-g"
"Running Make include in microblaze_0/libsrc/standalone_v6_1/src"
make -C microblaze_0/libsrc/standalone_v6_1/src -s include  "SHELL=CMD" "COMPILER=mb-gcc" "ARCHIVER=mb-ar" "COMPILER_FLAGS= -O2 -c -mcpu=v10.0 -mlittle-endian -mxl-soft-mul" "EXTRA_COMPILER_FLAGS=-g"
"Running Make include in microblaze_0/libsrc/uartlite_v3_2/src"
make -C microblaze_0/libsrc/uartlite_v3_2/src -s include  "SHELL=CMD" "COMPILER=mb-gcc" "ARCHIVER=mb-ar" "COMPILER_FLAGS= -O2 -c -mcpu=v10.0 -mlittle-endian -mxl-soft-mul" "EXTRA_COMPILER_FLAGS=-g"
"Running Make libs in microblaze_0/libsrc/bram_v4_1/src"
make -C microblaze_0/libsrc/bram_v4_1/src -s libs  "SHELL=CMD" "COMPILER=mb-gcc" "ARCHIVER=mb-ar" "COMPILER_FLAGS= -O2 -c -mcpu=v10.0 -mlittle-endian -mxl-soft-mul" "EXTRA_COMPILER_FLAGS=-g"
"Compiling bram"
mb-ar: creating ../../../lib/libxil.a
"Running Make libs in microblaze_0/libsrc/cpu_v2_5/src"
make -C microblaze_0/libsrc/cpu_v2_5/src -s libs  "SHELL=CMD" "COMPILER=mb-gcc" "ARCHIVER=mb-ar" "COMPILER_FLAGS= -O2 -c -mcpu=v10.0 -mlittle-endian -mxl-soft-mul" "EXTRA_COMPILER_FLAGS=-g"
"Compiling cpu"
"Running Make libs in microblaze_0/libsrc/gpio_v4_3/src"
make -C microblaze_0/libsrc/gpio_v4_3/src -s libs  "SHELL=CMD" "COMPILER=mb-gcc" "ARCHIVER=mb-ar" "COMPILER_FLAGS= -O2 -c -mcpu=v10.0 -mlittle-endian -mxl-soft-mul" "EXTRA_COMPILER_FLAGS=-g"
"Compiling gpio"
"Running Make libs in microblaze_0/libsrc/standalone_v6_1/src"
make -C microblaze_0/libsrc/standalone_v6_1/src -s libs  "SHELL=CMD" "COMPILER=mb-gcc" "ARCHIVER=mb-ar" "COMPILER_FLAGS= -O2 -c -mcpu=v10.0 -mlittle-endian -mxl-soft-mul" "EXTRA_COMPILER_FLAGS=-g"
"Compiling standalone";
"Running Make libs in microblaze_0/libsrc/uartlite_v3_2/src"
make -C microblaze_0/libsrc/uartlite_v3_2/src -s libs  "SHELL=CMD" "COMPILER=mb-gcc" "ARCHIVER=mb-ar" "COMPILER_FLAGS= -O2 -c -mcpu=v10.0 -mlittle-endian -mxl-soft-mul" "EXTRA_COMPILER_FLAGS=-g"
"Compiling uartlite"
'Finished building libraries'
18:04:00 **** Build of configuration Debug for project ProjetoFinal_SDK ****
make all 
'Building file: ../src/helloworld.c'
'Invoking: MicroBlaze gcc compiler'
mb-gcc -Wall -O0 -g3 -c -fmessage-length=0 -MT"src/helloworld.o" -I../../ProjetoFinal_SDK_bsp/microblaze_0/include -mlittle-endian -mcpu=v10.0 -mxl-soft-mul -Wl,--no-relax -MMD -MP -MF"src/helloworld.d" -MT"src/helloworld.o" -o "src/helloworld.o" "../src/helloworld.c"
../src/helloworld.c:82:1: error: expected '=', ',', ';', 'asm' or '__attribute__' at end of input
 s
 ^
make: ** [src/helloworld.o] Erro 1
18:04:21 **** Auto Build of configuration Debug for project ProjetoFinal_SDK ****
make all 
'Building file: ../src/helloworld.c'
'Invoking: MicroBlaze gcc compiler'
mb-gcc -Wall -O0 -g3 -c -fmessage-length=0 -MT"src/helloworld.o" -I../../ProjetoFinal_SDK_bsp/microblaze_0/include -mlittle-endian -mcpu=v10.0 -mxl-soft-mul -Wl,--no-relax -MMD -MP -MF"src/helloworld.d" -MT"src/helloworld.o" -o "src/helloworld.o" "../src/helloworld.c"
[...]
../src/helloworld.c: In function 'main':
../src/helloworld.c:81:2: warning: implicit declaration of function 'MB_Sleep' [-Wimplicit-function-declaration]
  MB_Sleep(1000);
  ^
'Finished building: ../src/helloworld.c'
' '
'Building file: ../src/platform.c'
'Invoking: MicroBlaze gcc compiler'
mb-gcc -Wall -O0 -g3 -c -fmessage-length=0 -MT"src/platform.o" -I../../ProjetoFinal_SDK_bsp/microblaze_0/include -mlittle-endian -mcpu=v10.0 -mxl-soft-mul -Wl,--no-relax -MMD -MP -MF"src/platform.d" -MT"src/platform.o" -o "src/platform.o" "../src/platform.c"
'Finished building: ../src/platform.c'
' '
'Building file: ../src/xil_sprintf.c'
'Invoking: MicroBlaze gcc compiler'
mb-gcc -Wall -O0 -g3 -c -fmessage-length=0 -MT"src/xil_sprintf.o" -I../../ProjetoFinal_SDK_bsp/microblaze_0/include -mlittle-endian -mcpu=v10.0 -mxl-soft-mul -Wl,--no-relax -MMD -MP -MF"src/xil_sprintf.d" -MT"src/xil_sprintf.o" -o "src/xil_sprintf.o" "../src/xil_sprintf.c"
'Finished building: ../src/xil_sprintf.c'
' '
'Building target: ProjetoFinal_SDK.elf'
'Invoking: MicroBlaze gcc linker'
mb-gcc -Wl,-T -Wl,../src/lscript.ld -L../../ProjetoFinal_SDK_bsp/microblaze_0/lib -mlittle-endian -mcpu=v10.0 -mxl-soft-mul -Wl,--no-relax -o "ProjetoFinal_SDK.elf"  ./src/helloworld.o ./src/platform.o ./src/xil_sprintf.o   -Wl,--start-group,-lxil,-lgcc,-lc,--end-group
'Finished building target: ProjetoFinal_SDK.elf'
' '
'Invoking: MicroBlaze Print Size'
mb-size ProjetoFinal_SDK.elf  |tee "ProjetoFinal_SDK.elf.size"
   text	   data	    bss	    dec	    hex	filename
  12628	    552	   3156	  16336	   3fd0	ProjetoFinal_SDK.elf
'Finished building: ProjetoFinal_SDK.elf.size'
' '
18:46:50 **** Auto Build of configuration Debug for project ProjetoFinal_SDK ****
make all 
'Building file: ../src/helloworld.c'
'Invoking: MicroBlaze gcc compiler'
mb-gcc -Wall -O0 -g3 -c -fmessage-length=0 -MT"src/helloworld.o" -I../../ProjetoFinal_SDK_bsp/microblaze_0/include -mlittle-endian -mcpu=v10.0 -mxl-soft-mul -Wl,--no-relax -MMD -MP -MF"src/helloworld.d" -MT"src/helloworld.o" -o "src/helloworld.o" "../src/helloworld.c"
../src/helloworld.c: In function 'main':
../src/helloworld.c:81:2: warning: implicit declaration of function 'MB_Sleep' [-Wimplicit-function-declaration]
  MB_Sleep(1000);
  ^
'Finished building: ../src/helloworld.c'
' '
'Building target: ProjetoFinal_SDK.elf'
'Invoking: MicroBlaze gcc linker'
mb-gcc -Wl,-T -Wl,../src/lscript.ld -L../../ProjetoFinal_SDK_bsp/microblaze_0/lib -mlittle-endian -mcpu=v10.0 -mxl-soft-mul -Wl,--no-relax -o "ProjetoFinal_SDK.elf"  ./src/helloworld.o ./src/platform.o ./src/xil_sprintf.o   -Wl,--start-group,-lxil,-lgcc,-lc,--end-group
c:/xilinx/sdk/2016.4/gnu/microblaze/nt/bin/../lib/gcc/microblaze-xilinx-elf/5.2.0/../../../../microblaze-xilinx-elf/bin/ld.exe: ProjetoFinal_SDK.elf section `.stack' will not fit in region `microblaze_0_local_memory_ilmb_bram_if_cntlr_Mem_microblaze_0_local_memory_dlmb_bram_if_cntlr_Mem'
c:/xilinx/sdk/2016.4/gnu/microblaze/nt/bin/../lib/gcc/microblaze-xilinx-elf/5.2.0/../../../../microblaze-xilinx-elf/bin/ld.exe: region `microblaze_0_local_memory_ilmb_bram_if_cntlr_Mem_microblaze_0_local_memory_dlmb_bram_if_cntlr_Mem' overflowed by 40 bytes
collect2.exe: error: ld returned 1 exit status
make: ** [ProjetoFinal_SDK.elf] Erro 1
18:46:53 **** Auto Build of configuration Debug for project ProjetoFinal_SDK ****
make all 
'Building file: ../src/helloworld.c'
'Invoking: MicroBlaze gcc compiler'
mb-gcc -Wall -O0 -g3 -c -fmessage-length=0 -MT"src/helloworld.o" -I../../ProjetoFinal_SDK_bsp/microblaze_0/include -mlittle-endian -mcpu=v10.0 -mxl-soft-mul -Wl,--no-relax -MMD -MP -MF"src/helloworld.d" -MT"src/helloworld.o" -o "src/helloworld.o" "../src/helloworld.c"
../src/helloworld.c: In function 'main':
../src/helloworld.c:81:2: warning: implicit declaration of function 'MB_Sleep' [-Wimplicit-function-declaration]
  MB_Sleep(1000);
  ^
'Finished building: ../src/helloworld.c'
' '
'Building target: ProjetoFinal_SDK.elf'
'Invoking: MicroBlaze gcc linker'
mb-gcc -Wl,-T -Wl,../src/lscript.ld -L../../ProjetoFinal_SDK_bsp/microblaze_0/lib -mlittle-endian -mcpu=v10.0 -mxl-soft-mul -Wl,--no-relax -o "ProjetoFinal_SDK.elf"  ./src/helloworld.o ./src/platform.o ./src/xil_sprintf.o   -Wl,--start-group,-lxil,-lgcc,-lc,--end-group
'Finished building target: ProjetoFinal_SDK.elf'
' '
'Invoking: MicroBlaze Print Size'
mb-size ProjetoFinal_SDK.elf  |tee "ProjetoFinal_SDK.elf.size"
   text	   data	    bss	    dec	    hex	filename
  12628	    552	   3156	  16336	   3fd0	ProjetoFinal_SDK.elf
'Finished building: ProjetoFinal_SDK.elf.size'
' '
18:47:01 **** Auto Build of configuration Debug for project ProjetoFinal_SDK ****
make all 
'Building file: ../src/helloworld.c'
'Invoking: MicroBlaze gcc compiler'
mb-gcc -Wall -O0 -g3 -c -fmessage-length=0 -MT"src/helloworld.o" -I../../ProjetoFinal_SDK_bsp/microblaze_0/include -mlittle-endian -mcpu=v10.0 -mxl-soft-mul -Wl,--no-relax -MMD -MP -MF"src/helloworld.d" -MT"src/helloworld.o" -o "src/helloworld.o" "../src/helloworld.c"
../src/helloworld.c: In function 'main':
../src/helloworld.c:81:2: warning: implicit declaration of function 'MB_Sleep' [-Wimplicit-function-declaration]
  MB_Sleep(1000);
  ^
'Finished building: ../src/helloworld.c'
' '
'Building target: ProjetoFinal_SDK.elf'
'Invoking: MicroBlaze gcc linker'
mb-gcc -Wl,-T -Wl,../src/lscript.ld -L../../ProjetoFinal_SDK_bsp/microblaze_0/lib -mlittle-endian -mcpu=v10.0 -mxl-soft-mul -Wl,--no-relax -o "ProjetoFinal_SDK.elf"  ./src/helloworld.o ./src/platform.o ./src/xil_sprintf.o   -Wl,--start-group,-lxil,-lgcc,-lc,--end-group
'Finished building target: ProjetoFinal_SDK.elf'
' '
'Invoking: MicroBlaze Print Size'
mb-size ProjetoFinal_SDK.elf  |tee "ProjetoFinal_SDK.elf.size"
   text	   data	    bss	    dec	    hex	filename
  12632	    552	   3152	  16336	   3fd0	ProjetoFinal_SDK.elf
'Finished building: ProjetoFinal_SDK.elf.size'
' '
18:47:07 **** Incremental Build of configuration Debug for project ProjetoFinal_SDK ****
make all 
make: Nada a ser feito para `all'.
18:50:52 **** Auto Build of configuration Debug for project ProjetoFinal_SDK ****
make all 
'Building file: ../src/helloworld.c'
'Invoking: MicroBlaze gcc compiler'
mb-gcc -Wall -O0 -g3 -c -fmessage-length=0 -MT"src/helloworld.o" -I../../ProjetoFinal_SDK_bsp/microblaze_0/include -mlittle-endian -mcpu=v10.0 -mxl-soft-mul -Wl,--no-relax -MMD -MP -MF"src/helloworld.d" -MT"src/helloworld.o" -o "src/helloworld.o" "../src/helloworld.c"
../src/helloworld.c: In function 'main':
../src/helloworld.c:81:2: warning: implicit declaration of function 'MB_Sleep' [-Wimplicit-function-declaration]
  MB_Sleep(1000);
  ^
'Finished building: ../src/helloworld.c'
' '
'Building target: ProjetoFinal_SDK.elf'
'Invoking: MicroBlaze gcc linker'
mb-gcc -Wl,-T -Wl,../src/lscript.ld -L../../ProjetoFinal_SDK_bsp/microblaze_0/lib -mlittle-endian -mcpu=v10.0 -mxl-soft-mul -Wl,--no-relax -o "ProjetoFinal_SDK.elf"  ./src/helloworld.o ./src/platform.o ./src/xil_sprintf.o   -Wl,--start-group,-lxil,-lgcc,-lc,--end-group
'Finished building target: ProjetoFinal_SDK.elf'
' '
'Invoking: MicroBlaze Print Size'
mb-size ProjetoFinal_SDK.elf  |tee "ProjetoFinal_SDK.elf.size"
   text	   data	    bss	    dec	    hex	filename
  12632	    552	   3152	  16336	   3fd0	ProjetoFinal_SDK.elf
'Finished building: ProjetoFinal_SDK.elf.size'
' '
18:50:57 **** Auto Build of configuration Debug for project ProjetoFinal_SDK ****
make all 
'Building file: ../src/helloworld.c'
'Invoking: MicroBlaze gcc compiler'
mb-gcc -Wall -O0 -g3 -c -fmessage-length=0 -MT"src/helloworld.o" -I../../ProjetoFinal_SDK_bsp/microblaze_0/include -mlittle-endian -mcpu=v10.0 -mxl-soft-mul -Wl,--no-relax -MMD -MP -MF"src/helloworld.d" -MT"src/helloworld.o" -o "src/helloworld.o" "../src/helloworld.c"
../src/helloworld.c: In function 'main':
../src/helloworld.c:81:2: warning: implicit declaration of function 'MB_Sleep' [-Wimplicit-function-declaration]
  MB_Sleep(1000);
  ^
'Finished building: ../src/helloworld.c'
' '
'Building target: ProjetoFinal_SDK.elf'
'Invoking: MicroBlaze gcc linker'
mb-gcc -Wl,-T -Wl,../src/lscript.ld -L../../ProjetoFinal_SDK_bsp/microblaze_0/lib -mlittle-endian -mcpu=v10.0 -mxl-soft-mul -Wl,--no-relax -o "ProjetoFinal_SDK.elf"  ./src/helloworld.o ./src/platform.o ./src/xil_sprintf.o   -Wl,--start-group,-lxil,-lgcc,-lc,--end-group
'Finished building target: ProjetoFinal_SDK.elf'
' '
'Invoking: MicroBlaze Print Size'
mb-size ProjetoFinal_SDK.elf  |tee "ProjetoFinal_SDK.elf.size"
   text	   data	    bss	    dec	    hex	filename
  12632	    552	   3152	  16336	   3fd0	ProjetoFinal_SDK.elf
'Finished building: ProjetoFinal_SDK.elf.size'
' '
18:51:08 **** Auto Build of configuration Debug for project ProjetoFinal_SDK ****
make all 
'Building file: ../src/helloworld.c'
'Invoking: MicroBlaze gcc compiler'
mb-gcc -Wall -O0 -g3 -c -fmessage-length=0 -MT"src/helloworld.o" -I../../ProjetoFinal_SDK_bsp/microblaze_0/include -mlittle-endian -mcpu=v10.0 -mxl-soft-mul -Wl,--no-relax -MMD -MP -MF"src/helloworld.d" -MT"src/helloworld.o" -o "src/helloworld.o" "../src/helloworld.c"
../src/helloworld.c: In function 'main':
../src/helloworld.c:81:2: warning: implicit declaration of function 'MB_Sleep' [-Wimplicit-function-declaration]
  MB_Sleep(1000);
  ^
'Finished building: ../src/helloworld.c'
' '
'Building target: ProjetoFinal_SDK.elf'
'Invoking: MicroBlaze gcc linker'
mb-gcc -Wl,-T -Wl,../src/lscript.ld -L../../ProjetoFinal_SDK_bsp/microblaze_0/lib -mlittle-endian -mcpu=v10.0 -mxl-soft-mul -Wl,--no-relax -o "ProjetoFinal_SDK.elf"  ./src/helloworld.o ./src/platform.o ./src/xil_sprintf.o   -Wl,--start-group,-lxil,-lgcc,-lc,--end-group
'Finished building target: ProjetoFinal_SDK.elf'
' '
'Invoking: MicroBlaze Print Size'
mb-size ProjetoFinal_SDK.elf  |tee "ProjetoFinal_SDK.elf.size"
   text	   data	    bss	    dec	    hex	filename
  12632	    552	   3152	  16336	   3fd0	ProjetoFinal_SDK.elf
'Finished building: ProjetoFinal_SDK.elf.size'
' '
18:51:17 **** Auto Build of configuration Debug for project ProjetoFinal_SDK ****
make all 
'Building file: ../src/helloworld.c'
'Invoking: MicroBlaze gcc compiler'
mb-gcc -Wall -O0 -g3 -c -fmessage-length=0 -MT"src/helloworld.o" -I../../ProjetoFinal_SDK_bsp/microblaze_0/include -mlittle-endian -mcpu=v10.0 -mxl-soft-mul -Wl,--no-relax -MMD -MP -MF"src/helloworld.d" -MT"src/helloworld.o" -o "src/helloworld.o" "../src/helloworld.c"
../src/helloworld.c: In function 'main':
../src/helloworld.c:80:2: warning: implicit declaration of function 'MB_Sleep' [-Wimplicit-function-declaration]
  MB_Sleep(1000);
  ^
'Finished building: ../src/helloworld.c'
' '
'Building target: ProjetoFinal_SDK.elf'
'Invoking: MicroBlaze gcc linker'
mb-gcc -Wl,-T -Wl,../src/lscript.ld -L../../ProjetoFinal_SDK_bsp/microblaze_0/lib -mlittle-endian -mcpu=v10.0 -mxl-soft-mul -Wl,--no-relax -o "ProjetoFinal_SDK.elf"  ./src/helloworld.o ./src/platform.o ./src/xil_sprintf.o   -Wl,--start-group,-lxil,-lgcc,-lc,--end-group
'Finished building target: ProjetoFinal_SDK.elf'
' '
'Invoking: MicroBlaze Print Size'
mb-size ProjetoFinal_SDK.elf  |tee "ProjetoFinal_SDK.elf.size"
   text	   data	    bss	    dec	    hex	filename
  12632	    552	   3152	  16336	   3fd0	ProjetoFinal_SDK.elf
'Finished building: ProjetoFinal_SDK.elf.size'
' '
18:51:24 **** Auto Build of configuration Debug for project ProjetoFinal_SDK ****
make all 
'Building file: ../src/helloworld.c'
'Invoking: MicroBlaze gcc compiler'
mb-gcc -Wall -O0 -g3 -c -fmessage-length=0 -MT"src/helloworld.o" -I../../ProjetoFinal_SDK_bsp/microblaze_0/include -mlittle-endian -mcpu=v10.0 -mxl-soft-mul -Wl,--no-relax -MMD -MP -MF"src/helloworld.d" -MT"src/helloworld.o" -o "src/helloworld.o" "../src/helloworld.c"
../src/helloworld.c: In function 'main':
../src/helloworld.c:80:2: warning: implicit declaration of function 'MB_Sleep' [-Wimplicit-function-declaration]
  MB_Sleep(1000);
  ^
'Finished building: ../src/helloworld.c'
' '
'Building target: ProjetoFinal_SDK.elf'
'Invoking: MicroBlaze gcc linker'
mb-gcc -Wl,-T -Wl,../src/lscript.ld -L../../ProjetoFinal_SDK_bsp/microblaze_0/lib -mlittle-endian -mcpu=v10.0 -mxl-soft-mul -Wl,--no-relax -o "ProjetoFinal_SDK.elf"  ./src/helloworld.o ./src/platform.o ./src/xil_sprintf.o   -Wl,--start-group,-lxil,-lgcc,-lc,--end-group
c:/xilinx/sdk/2016.4/gnu/microblaze/nt/bin/../lib/gcc/microblaze-xilinx-elf/5.2.0/../../../../microblaze-xilinx-elf/bin/ld.exe: ProjetoFinal_SDK.elf section `.stack' will not fit in region `microblaze_0_local_memory_ilmb_bram_if_cntlr_Mem_microblaze_0_local_memory_dlmb_bram_if_cntlr_Mem'
c:/xilinx/sdk/2016.4/gnu/microblaze/nt/bin/../lib/gcc/microblaze-xilinx-elf/5.2.0/../../../../microblaze-xilinx-elf/bin/ld.exe: region `microblaze_0_local_memory_ilmb_bram_if_cntlr_Mem_microblaze_0_local_memory_dlmb_bram_if_cntlr_Mem' overflowed by 40 bytes
collect2.exe: error: ld returned 1 exit status
make: ** [ProjetoFinal_SDK.elf] Erro 1
18:51:27 **** Auto Build of configuration Debug for project ProjetoFinal_SDK ****
make all 
'Building file: ../src/helloworld.c'
'Invoking: MicroBlaze gcc compiler'
mb-gcc -Wall -O0 -g3 -c -fmessage-length=0 -MT"src/helloworld.o" -I../../ProjetoFinal_SDK_bsp/microblaze_0/include -mlittle-endian -mcpu=v10.0 -mxl-soft-mul -Wl,--no-relax -MMD -MP -MF"src/helloworld.d" -MT"src/helloworld.o" -o "src/helloworld.o" "../src/helloworld.c"
../src/helloworld.c: In function 'main':
../src/helloworld.c:80:2: warning: implicit declaration of function 'MB_Sleep' [-Wimplicit-function-declaration]
  MB_Sleep(1000);
  ^
'Finished building: ../src/helloworld.c'
' '
'Building target: ProjetoFinal_SDK.elf'
'Invoking: MicroBlaze gcc linker'
mb-gcc -Wl,-T -Wl,../src/lscript.ld -L../../ProjetoFinal_SDK_bsp/microblaze_0/lib -mlittle-endian -mcpu=v10.0 -mxl-soft-mul -Wl,--no-relax -o "ProjetoFinal_SDK.elf"  ./src/helloworld.o ./src/platform.o ./src/xil_sprintf.o   -Wl,--start-group,-lxil,-lgcc,-lc,--end-group
'Finished building target: ProjetoFinal_SDK.elf'
' '
'Invoking: MicroBlaze Print Size'
mb-size ProjetoFinal_SDK.elf  |tee "ProjetoFinal_SDK.elf.size"
   text	   data	    bss	    dec	    hex	filename
  12632	    552	   3152	  16336	   3fd0	ProjetoFinal_SDK.elf
'Finished building: ProjetoFinal_SDK.elf.size'
' '
18:51:41 **** Incremental Build of configuration Debug for project ProjetoFinal_SDK ****
make all 
make: Nada a ser feito para `all'.
18:54:18 **** Incremental Build of configuration Debug for project ProjetoFinal_SDK ****
make all 
make: Nada a ser feito para `all'.
18:55:28 **** Clean-only build of configuration Debug for project ProjetoFinal_SDK ****
make clean 
rm -rf  ./src/helloworld.o ./src/platform.o ./src/xil_sprintf.o  ./src/helloworld.d ./src/platform.d ./src/xil_sprintf.d  ProjetoFinal_SDK.elf.size  ProjetoFinal_SDK.elf
' '
18:55:28 **** Clean-only build of project ProjetoFinal_SDK_bsp ****
make -k clean 
rm -f microblaze_0/lib/libxil.a
18:55:28 **** Build of project ProjetoFinal_SDK_bsp ****
make -k all 
"Running Make include in microblaze_0/libsrc/bram_v4_1/src"
make -C microblaze_0/libsrc/bram_v4_1/src -s include  "SHELL=CMD" "COMPILER=mb-gcc" "ARCHIVER=mb-ar" "COMPILER_FLAGS= -O2 -c -mcpu=v10.0 -mlittle-endian -mxl-soft-mul" "EXTRA_COMPILER_FLAGS=-g"
"Running Make include in microblaze_0/libsrc/cpu_v2_5/src"
make -C microblaze_0/libsrc/cpu_v2_5/src -s include  "SHELL=CMD" "COMPILER=mb-gcc" "ARCHIVER=mb-ar" "COMPILER_FLAGS= -O2 -c -mcpu=v10.0 -mlittle-endian -mxl-soft-mul" "EXTRA_COMPILER_FLAGS=-g"
"Running Make include in microblaze_0/libsrc/gpio_v4_3/src"
make -C microblaze_0/libsrc/gpio_v4_3/src -s include  "SHELL=CMD" "COMPILER=mb-gcc" "ARCHIVER=mb-ar" "COMPILER_FLAGS= -O2 -c -mcpu=v10.0 -mlittle-endian -mxl-soft-mul" "EXTRA_COMPILER_FLAGS=-g"
"Running Make include in microblaze_0/libsrc/standalone_v6_1/src"
make -C microblaze_0/libsrc/standalone_v6_1/src -s include  "SHELL=CMD" "COMPILER=mb-gcc" "ARCHIVER=mb-ar" "COMPILER_FLAGS= -O2 -c -mcpu=v10.0 -mlittle-endian -mxl-soft-mul" "EXTRA_COMPILER_FLAGS=-g"
"Running Make include in microblaze_0/libsrc/uartlite_v3_2/src"
make -C microblaze_0/libsrc/uartlite_v3_2/src -s include  "SHELL=CMD" "COMPILER=mb-gcc" "ARCHIVER=mb-ar" "COMPILER_FLAGS= -O2 -c -mcpu=v10.0 -mlittle-endian -mxl-soft-mul" "EXTRA_COMPILER_FLAGS=-g"
"Running Make libs in microblaze_0/libsrc/bram_v4_1/src"
make -C microblaze_0/libsrc/bram_v4_1/src -s libs  "SHELL=CMD" "COMPILER=mb-gcc" "ARCHIVER=mb-ar" "COMPILER_FLAGS= -O2 -c -mcpu=v10.0 -mlittle-endian -mxl-soft-mul" "EXTRA_COMPILER_FLAGS=-g"
"Compiling bram"
mb-ar: creating ../../../lib/libxil.a
"Running Make libs in microblaze_0/libsrc/cpu_v2_5/src"
make -C microblaze_0/libsrc/cpu_v2_5/src -s libs  "SHELL=CMD" "COMPILER=mb-gcc" "ARCHIVER=mb-ar" "COMPILER_FLAGS= -O2 -c -mcpu=v10.0 -mlittle-endian -mxl-soft-mul" "EXTRA_COMPILER_FLAGS=-g"
"Compiling cpu"
"Running Make libs in microblaze_0/libsrc/gpio_v4_3/src"
make -C microblaze_0/libsrc/gpio_v4_3/src -s libs  "SHELL=CMD" "COMPILER=mb-gcc" "ARCHIVER=mb-ar" "COMPILER_FLAGS= -O2 -c -mcpu=v10.0 -mlittle-endian -mxl-soft-mul" "EXTRA_COMPILER_FLAGS=-g"
"Compiling gpio"
"Running Make libs in microblaze_0/libsrc/standalone_v6_1/src"
make -C microblaze_0/libsrc/standalone_v6_1/src -s libs  "SHELL=CMD" "COMPILER=mb-gcc" "ARCHIVER=mb-ar" "COMPILER_FLAGS= -O2 -c -mcpu=v10.0 -mlittle-endian -mxl-soft-mul" "EXTRA_COMPILER_FLAGS=-g"
"Compiling standalone";
"Running Make libs in microblaze_0/libsrc/uartlite_v3_2/src"
make -C microblaze_0/libsrc/uartlite_v3_2/src -s libs  "SHELL=CMD" "COMPILER=mb-gcc" "ARCHIVER=mb-ar" "COMPILER_FLAGS= -O2 -c -mcpu=v10.0 -mlittle-endian -mxl-soft-mul" "EXTRA_COMPILER_FLAGS=-g"
"Compiling uartlite"
'Finished building libraries'
18:55:36 **** Build of configuration Debug for project ProjetoFinal_SDK ****
make all 
'Building file: ../src/helloworld.c'
'Invoking: MicroBlaze gcc compiler'
mb-gcc -Wall -O0 -g3 -c -fmessage-length=0 -MT"src/helloworld.o" -I../../ProjetoFinal_SDK_bsp/microblaze_0/include -mlittle-endian -mcpu=v10.0 -mxl-soft-mul -Wl,--no-relax -MMD -MP -MF"src/helloworld.d" -MT"src/helloworld.o" -o "src/helloworld.o" "../src/helloworld.c"
../src/helloworld.c: In function 'main':
../src/helloworld.c:80:2: warning: implicit declaration of function 'MB_Sleep' [-Wimplicit-function-declaration]
  MB_Sleep(1000);
  ^
'Finished building: ../src/helloworld.c'
' '
'Building file: ../src/platform.c'
'Invoking: MicroBlaze gcc compiler'
mb-gcc -Wall -O0 -g3 -c -fmessage-length=0 -MT"src/platform.o" -I../../ProjetoFinal_SDK_bsp/microblaze_0/include -mlittle-endian -mcpu=v10.0 -mxl-soft-mul -Wl,--no-relax -MMD -MP -MF"src/platform.d" -MT"src/platform.o" -o "src/platform.o" "../src/platform.c"
'Finished building: ../src/platform.c'
' '
'Building file: ../src/xil_sprintf.c'
'Invoking: MicroBlaze gcc compiler'
mb-gcc -Wall -O0 -g3 -c -fmessage-length=0 -MT"src/xil_sprintf.o" -I../../ProjetoFinal_SDK_bsp/microblaze_0/include -mlittle-endian -mcpu=v10.0 -mxl-soft-mul -Wl,--no-relax -MMD -MP -MF"src/xil_sprintf.d" -MT"src/xil_sprintf.o" -o "src/xil_sprintf.o" "../src/xil_sprintf.c"
'Finished building: ../src/xil_sprintf.c'
' '
'Building target: ProjetoFinal_SDK.elf'
'Invoking: MicroBlaze gcc linker'
mb-gcc -Wl,-T -Wl,../src/lscript.ld -L../../ProjetoFinal_SDK_bsp/microblaze_0/lib -mlittle-endian -mcpu=v10.0 -mxl-soft-mul -Wl,--no-relax -o "ProjetoFinal_SDK.elf"  ./src/helloworld.o ./src/platform.o ./src/xil_sprintf.o   -Wl,--start-group,-lxil,-lgcc,-lc,--end-group
'Finished building target: ProjetoFinal_SDK.elf'
' '
'Invoking: MicroBlaze Print Size'
mb-size ProjetoFinal_SDK.elf  |tee "ProjetoFinal_SDK.elf.size"
   text	   data	    bss	    dec	    hex	filename
  12632	    552	   3152	  16336	   3fd0	ProjetoFinal_SDK.elf
'Finished building: ProjetoFinal_SDK.elf.size'
' '
18:56:10 **** Incremental Build of configuration Debug for project ProjetoFinal_SDK ****
make all 
make: Nada a ser feito para `all'.
